 chain              cell  type     edge  inv   gate#  clocks                  instance_name (type)
 -----------------  ----  -------  ----  ---  ------  ----------------------  ------------------------------------
 1                     0  MASTER    LE   IN     9079  + scan_clk              DU/dm/\memory_reg[0][5] (SDFFX1)
 1                     1  MASTER    LE   NI     9080  + scan_clk              DU/dm/\memory_reg[0][4] (SDFFX1)
 1                     2  MASTER    LE   IN     9081  + scan_clk              DU/dm/\memory_reg[0][3] (SDFFX1)
 1                     3  MASTER    LE   NI     9082  + scan_clk              DU/dm/\memory_reg[0][2] (SDFFX1)
 1                     4  MASTER    LE   IN     9083  + scan_clk              DU/dm/\memory_reg[0][1] (SDFFX1)
 1                     5  MASTER    LE   NI     9084  + scan_clk              DU/dm/\memory_reg[0][0] (SDFFX1)
 2                     0  MASTER    TE   NN     9098  - scan_clk              snps_clk_chain_0/\U_shftreg_0/ff_0/q_reg (DFFNX1)
 2                     1  MASTER    TE   NN     9097  - scan_clk              snps_clk_chain_0/\U_shftreg_0/ff_1/q_reg (DFFNX1)
 2                     2  MASTER    TE   NN     9096  - scan_clk              snps_clk_chain_0/\U_shftreg_0/ff_2/q_reg (DFFNX1)
 2                     3  MASTER    TE   NN     9095  - scan_clk              snps_clk_chain_0/\U_shftreg_0/ff_3/q_reg (DFFNX1)
 3                     0  MASTER    LE   IN     9073  + scan_clk              DU/dm/\memory_reg[0][11] (SDFFX1)
 3                     1  MASTER    LE   NI     9074  + scan_clk              DU/dm/\memory_reg[0][10] (SDFFX1)
 3                     2  MASTER    LE   IN     9075  + scan_clk              DU/dm/\memory_reg[0][9] (SDFFX1)
 3                     3  MASTER    LE   NI     9076  + scan_clk              DU/dm/\memory_reg[0][8] (SDFFX1)
 3                     4  MASTER    LE   IN     9077  + scan_clk              DU/dm/\memory_reg[0][7] (SDFFX1)
 3                     5  MASTER    LE   NI     9078  + scan_clk              DU/dm/\memory_reg[0][6] (SDFFX1)
 4                     0  MASTER    LE   IN     9067  + scan_clk              DU/dm/\memory_reg[1][1] (SDFFX1)
 4                     1  MASTER    LE   NI     9068  + scan_clk              DU/dm/\memory_reg[1][0] (SDFFX1)
 4                     2  MASTER    LE   IN     9069  + scan_clk              DU/dm/\memory_reg[0][15] (SDFFX1)
 4                     3  MASTER    LE   NI     9070  + scan_clk              DU/dm/\memory_reg[0][14] (SDFFX1)
 4                     4  MASTER    LE   IN     9071  + scan_clk              DU/dm/\memory_reg[0][13] (SDFFX1)
 4                     5  MASTER    LE   NI     9072  + scan_clk              DU/dm/\memory_reg[0][12] (SDFFX1)
 5                     0  MASTER    LE   II     9061  + scan_clk              DU/dm/\memory_reg[1][7] (SDFFX1)
 5                     1  MASTER    LE   NN     9062  + scan_clk              DU/dm/\memory_reg[1][6] (SDFFX1)
 5                     2  MASTER    LE   II     9063  + scan_clk              DU/dm/\memory_reg[1][5] (SDFFX1)
 5                     3  MASTER    LE   NN     9064  + scan_clk              DU/dm/\memory_reg[1][4] (SDFFX1)
 5                     4  MASTER    LE   II     9065  + scan_clk              DU/dm/\memory_reg[1][3] (SDFFX1)
 5                     5  MASTER    LE   NN     9066  + scan_clk              DU/dm/\memory_reg[1][2] (SDFFX1)
 6                     0  MASTER    LE   II     9055  + scan_clk              DU/dm/\memory_reg[1][13] (SDFFX1)
 6                     1  MASTER    LE   NN     9056  + scan_clk              DU/dm/\memory_reg[1][12] (SDFFX1)
 6                     2  MASTER    LE   II     9057  + scan_clk              DU/dm/\memory_reg[1][11] (SDFFX1)
 6                     3  MASTER    LE   NN     9058  + scan_clk              DU/dm/\memory_reg[1][10] (SDFFX1)
 6                     4  MASTER    LE   II     9059  + scan_clk              DU/dm/\memory_reg[1][9] (SDFFX1)
 6                     5  MASTER    LE   NN     9060  + scan_clk              DU/dm/\memory_reg[1][8] (SDFFX1)
 7                     0  MASTER    LE   II     9049  + scan_clk              DU/dm/\memory_reg[2][3] (SDFFX1)
 7                     1  MASTER    LE   NN     9050  + scan_clk              DU/dm/\memory_reg[2][2] (SDFFX1)
 7                     2  MASTER    LE   II     9051  + scan_clk              DU/dm/\memory_reg[2][1] (SDFFX1)
 7                     3  MASTER    LE   NN     9052  + scan_clk              DU/dm/\memory_reg[2][0] (SDFFX1)
 7                     4  MASTER    LE   II     9053  + scan_clk              DU/dm/\memory_reg[1][15] (SDFFX1)
 7                     5  MASTER    LE   NN     9054  + scan_clk              DU/dm/\memory_reg[1][14] (SDFFX1)
 8                     0  MASTER    LE   II     9043  + scan_clk              DU/dm/\memory_reg[2][9] (SDFFX1)
 8                     1  MASTER    LE   NN     9044  + scan_clk              DU/dm/\memory_reg[2][8] (SDFFX1)
 8                     2  MASTER    LE   II     9045  + scan_clk              DU/dm/\memory_reg[2][7] (SDFFX1)
 8                     3  MASTER    LE   NN     9046  + scan_clk              DU/dm/\memory_reg[2][6] (SDFFX1)
 8                     4  MASTER    LE   II     9047  + scan_clk              DU/dm/\memory_reg[2][5] (SDFFX1)
 8                     5  MASTER    LE   NN     9048  + scan_clk              DU/dm/\memory_reg[2][4] (SDFFX1)
 9                     0  MASTER    LE   II     9037  + scan_clk              DU/dm/\memory_reg[2][15] (SDFFX1)
 9                     1  MASTER    LE   NN     9038  + scan_clk              DU/dm/\memory_reg[2][14] (SDFFX1)
 9                     2  MASTER    LE   II     9039  + scan_clk              DU/dm/\memory_reg[2][13] (SDFFX1)
 9                     3  MASTER    LE   NN     9040  + scan_clk              DU/dm/\memory_reg[2][12] (SDFFX1)
 9                     4  MASTER    LE   II     9041  + scan_clk              DU/dm/\memory_reg[2][11] (SDFFX1)
 9                     5  MASTER    LE   NN     9042  + scan_clk              DU/dm/\memory_reg[2][10] (SDFFX1)
 10                    0  MASTER    LE   II     9031  + scan_clk              DU/dm/\memory_reg[3][5] (SDFFX1)
 10                    1  MASTER    LE   NN     9032  + scan_clk              DU/dm/\memory_reg[3][4] (SDFFX1)
 10                    2  MASTER    LE   II     9033  + scan_clk              DU/dm/\memory_reg[3][3] (SDFFX1)
 10                    3  MASTER    LE   NN     9034  + scan_clk              DU/dm/\memory_reg[3][2] (SDFFX1)
 10                    4  MASTER    LE   II     9035  + scan_clk              DU/dm/\memory_reg[3][1] (SDFFX1)
 10                    5  MASTER    LE   NN     9036  + scan_clk              DU/dm/\memory_reg[3][0] (SDFFX1)
 11                    0  MASTER    LE   II     9025  + scan_clk              DU/dm/\memory_reg[3][11] (SDFFX1)
 11                    1  MASTER    LE   NN     9026  + scan_clk              DU/dm/\memory_reg[3][10] (SDFFX1)
 11                    2  MASTER    LE   II     9027  + scan_clk              DU/dm/\memory_reg[3][9] (SDFFX1)
 11                    3  MASTER    LE   NN     9028  + scan_clk              DU/dm/\memory_reg[3][8] (SDFFX1)
 11                    4  MASTER    LE   II     9029  + scan_clk              DU/dm/\memory_reg[3][7] (SDFFX1)
 11                    5  MASTER    LE   NN     9030  + scan_clk              DU/dm/\memory_reg[3][6] (SDFFX1)
 12                    0  MASTER    LE   II     9019  + scan_clk              DU/dm/\memory_reg[4][1] (SDFFX1)
 12                    1  MASTER    LE   NN     9020  + scan_clk              DU/dm/\memory_reg[4][0] (SDFFX1)
 12                    2  MASTER    LE   II     9021  + scan_clk              DU/dm/\memory_reg[3][15] (SDFFX1)
 12                    3  MASTER    LE   NN     9022  + scan_clk              DU/dm/\memory_reg[3][14] (SDFFX1)
 12                    4  MASTER    LE   II     9023  + scan_clk              DU/dm/\memory_reg[3][13] (SDFFX1)
 12                    5  MASTER    LE   NN     9024  + scan_clk              DU/dm/\memory_reg[3][12] (SDFFX1)
 13                    0  MASTER    LE   II     9013  + scan_clk              DU/dm/\memory_reg[4][7] (SDFFX1)
 13                    1  MASTER    LE   NN     9014  + scan_clk              DU/dm/\memory_reg[4][6] (SDFFX1)
 13                    2  MASTER    LE   II     9015  + scan_clk              DU/dm/\memory_reg[4][5] (SDFFX1)
 13                    3  MASTER    LE   NN     9016  + scan_clk              DU/dm/\memory_reg[4][4] (SDFFX1)
 13                    4  MASTER    LE   II     9017  + scan_clk              DU/dm/\memory_reg[4][3] (SDFFX1)
 13                    5  MASTER    LE   NN     9018  + scan_clk              DU/dm/\memory_reg[4][2] (SDFFX1)
 14                    0  MASTER    LE   II     9007  + scan_clk              DU/dm/\memory_reg[4][13] (SDFFX1)
 14                    1  MASTER    LE   NN     9008  + scan_clk              DU/dm/\memory_reg[4][12] (SDFFX1)
 14                    2  MASTER    LE   II     9009  + scan_clk              DU/dm/\memory_reg[4][11] (SDFFX1)
 14                    3  MASTER    LE   NN     9010  + scan_clk              DU/dm/\memory_reg[4][10] (SDFFX1)
 14                    4  MASTER    LE   II     9011  + scan_clk              DU/dm/\memory_reg[4][9] (SDFFX1)
 14                    5  MASTER    LE   NN     9012  + scan_clk              DU/dm/\memory_reg[4][8] (SDFFX1)
 15                    0  MASTER    LE   II     9001  + scan_clk              DU/dm/\memory_reg[5][3] (SDFFX1)
 15                    1  MASTER    LE   NN     9002  + scan_clk              DU/dm/\memory_reg[5][2] (SDFFX1)
 15                    2  MASTER    LE   II     9003  + scan_clk              DU/dm/\memory_reg[5][1] (SDFFX1)
 15                    3  MASTER    LE   NN     9004  + scan_clk              DU/dm/\memory_reg[5][0] (SDFFX1)
 15                    4  MASTER    LE   II     9005  + scan_clk              DU/dm/\memory_reg[4][15] (SDFFX1)
 15                    5  MASTER    LE   NN     9006  + scan_clk              DU/dm/\memory_reg[4][14] (SDFFX1)
 16                    0  MASTER    LE   II     8995  + scan_clk              DU/dm/\memory_reg[5][9] (SDFFX1)
 16                    1  MASTER    LE   NN     8996  + scan_clk              DU/dm/\memory_reg[5][8] (SDFFX1)
 16                    2  MASTER    LE   II     8997  + scan_clk              DU/dm/\memory_reg[5][7] (SDFFX1)
 16                    3  MASTER    LE   NN     8998  + scan_clk              DU/dm/\memory_reg[5][6] (SDFFX1)
 16                    4  MASTER    LE   II     8999  + scan_clk              DU/dm/\memory_reg[5][5] (SDFFX1)
 16                    5  MASTER    LE   NN     9000  + scan_clk              DU/dm/\memory_reg[5][4] (SDFFX1)
 17                    0  MASTER    LE   II     8989  + scan_clk              DU/dm/\memory_reg[5][15] (SDFFX1)
 17                    1  MASTER    LE   NN     8990  + scan_clk              DU/dm/\memory_reg[5][14] (SDFFX1)
 17                    2  MASTER    LE   II     8991  + scan_clk              DU/dm/\memory_reg[5][13] (SDFFX1)
 17                    3  MASTER    LE   NN     8992  + scan_clk              DU/dm/\memory_reg[5][12] (SDFFX1)
 17                    4  MASTER    LE   II     8993  + scan_clk              DU/dm/\memory_reg[5][11] (SDFFX1)
 17                    5  MASTER    LE   NN     8994  + scan_clk              DU/dm/\memory_reg[5][10] (SDFFX1)
 18                    0  MASTER    LE   II     8983  + scan_clk              DU/dm/\memory_reg[6][5] (SDFFX1)
 18                    1  MASTER    LE   NN     8984  + scan_clk              DU/dm/\memory_reg[6][4] (SDFFX1)
 18                    2  MASTER    LE   II     8985  + scan_clk              DU/dm/\memory_reg[6][3] (SDFFX1)
 18                    3  MASTER    LE   NN     8986  + scan_clk              DU/dm/\memory_reg[6][2] (SDFFX1)
 18                    4  MASTER    LE   II     8987  + scan_clk              DU/dm/\memory_reg[6][1] (SDFFX1)
 18                    5  MASTER    LE   NN     8988  + scan_clk              DU/dm/\memory_reg[6][0] (SDFFX1)
 19                    0  MASTER    LE   II     8977  + scan_clk              DU/dm/\memory_reg[6][11] (SDFFX1)
 19                    1  MASTER    LE   NN     8978  + scan_clk              DU/dm/\memory_reg[6][10] (SDFFX1)
 19                    2  MASTER    LE   II     8979  + scan_clk              DU/dm/\memory_reg[6][9] (SDFFX1)
 19                    3  MASTER    LE   NN     8980  + scan_clk              DU/dm/\memory_reg[6][8] (SDFFX1)
 19                    4  MASTER    LE   II     8981  + scan_clk              DU/dm/\memory_reg[6][7] (SDFFX1)
 19                    5  MASTER    LE   NN     8982  + scan_clk              DU/dm/\memory_reg[6][6] (SDFFX1)
 20                    0  MASTER    LE   II     8971  + scan_clk              DU/dm/\memory_reg[7][1] (SDFFX1)
 20                    1  MASTER    LE   NN     8972  + scan_clk              DU/dm/\memory_reg[7][0] (SDFFX1)
 20                    2  MASTER    LE   II     8973  + scan_clk              DU/dm/\memory_reg[6][15] (SDFFX1)
 20                    3  MASTER    LE   NN     8974  + scan_clk              DU/dm/\memory_reg[6][14] (SDFFX1)
 20                    4  MASTER    LE   II     8975  + scan_clk              DU/dm/\memory_reg[6][13] (SDFFX1)
 20                    5  MASTER    LE   NN     8976  + scan_clk              DU/dm/\memory_reg[6][12] (SDFFX1)
 21                    0  MASTER    LE   II     8965  + scan_clk              DU/dm/\memory_reg[7][7] (SDFFX1)
 21                    1  MASTER    LE   NN     8966  + scan_clk              DU/dm/\memory_reg[7][6] (SDFFX1)
 21                    2  MASTER    LE   II     8967  + scan_clk              DU/dm/\memory_reg[7][5] (SDFFX1)
 21                    3  MASTER    LE   NN     8968  + scan_clk              DU/dm/\memory_reg[7][4] (SDFFX1)
 21                    4  MASTER    LE   II     8969  + scan_clk              DU/dm/\memory_reg[7][3] (SDFFX1)
 21                    5  MASTER    LE   NN     8970  + scan_clk              DU/dm/\memory_reg[7][2] (SDFFX1)
 22                    0  MASTER    LE   II     8959  + scan_clk              DU/dm/\memory_reg[7][13] (SDFFX1)
 22                    1  MASTER    LE   NN     8960  + scan_clk              DU/dm/\memory_reg[7][12] (SDFFX1)
 22                    2  MASTER    LE   II     8961  + scan_clk              DU/dm/\memory_reg[7][11] (SDFFX1)
 22                    3  MASTER    LE   NN     8962  + scan_clk              DU/dm/\memory_reg[7][10] (SDFFX1)
 22                    4  MASTER    LE   II     8963  + scan_clk              DU/dm/\memory_reg[7][9] (SDFFX1)
 22                    5  MASTER    LE   NN     8964  + scan_clk              DU/dm/\memory_reg[7][8] (SDFFX1)
 23                    0  MASTER    LE   II     8821  + scan_clk              DU/\pc_current_reg[3] (SDFFX1)
 23                    1  MASTER    LE   NN     8822  + scan_clk              DU/\pc_current_reg[2] (SDFFX1)
 23                    2  MASTER    LE   II     8823  + scan_clk              DU/\pc_current_reg[1] (SDFFX1)
 23                    3  MASTER    LE   NN     8813  + scan_clk              DU/\pc_current_reg[0] (SDFFX1)
 23                    4  MASTER    LE   II     8957  + scan_clk              DU/dm/\memory_reg[7][15] (SDFFX1)
 23                    5  MASTER    LE   NN     8958  + scan_clk              DU/dm/\memory_reg[7][14] (SDFFX1)
 24                    0  MASTER    LE   II     8815  + scan_clk              DU/\pc_current_reg[9] (SDFFX1)
 24                    1  MASTER    LE   NN     8816  + scan_clk              DU/\pc_current_reg[8] (SDFFX1)
 24                    2  MASTER    LE   II     8817  + scan_clk              DU/\pc_current_reg[7] (SDFFX1)
 24                    3  MASTER    LE   NN     8818  + scan_clk              DU/\pc_current_reg[6] (SDFFX1)
 24                    4  MASTER    LE   II     8819  + scan_clk              DU/\pc_current_reg[5] (SDFFX1)
 24                    5  MASTER    LE   NN     8820  + scan_clk              DU/\pc_current_reg[4] (SDFFX1)
 25                    0  MASTER    LE   II     8814  + scan_clk              DU/\pc_current_reg[15] (SDFFX1)
 25                    1  MASTER    LE   NN     8824  + scan_clk              DU/\pc_current_reg[14] (SDFFX1)
 25                    2  MASTER    LE   II     8825  + scan_clk              DU/\pc_current_reg[13] (SDFFX1)
 25                    3  MASTER    LE   NN     8826  + scan_clk              DU/\pc_current_reg[12] (SDFFX1)
 25                    4  MASTER    LE   II     8827  + scan_clk              DU/\pc_current_reg[11] (SDFFX1)
 25                    5  MASTER    LE   NN     8828  + scan_clk              DU/\pc_current_reg[10] (SDFFX1)
 26                    0  MASTER    LE   IN     8951  + scan_clk              DU/reg_file/\reg_array_reg[0][5] (SDFFX1)
 26                    1  MASTER    LE   IN     8952  + scan_clk              DU/reg_file/\reg_array_reg[0][4] (SDFFX1)
 26                    2  MASTER    LE   IN     8953  + scan_clk              DU/reg_file/\reg_array_reg[0][3] (SDFFX1)
 26                    3  MASTER    LE   NI     8954  + scan_clk              DU/reg_file/\reg_array_reg[0][2] (SDFFX1)
 26                    4  MASTER    LE   IN     8955  + scan_clk              DU/reg_file/\reg_array_reg[0][1] (SDFFX1)
 26                    5  MASTER    LE   NI     8956  + scan_clk              DU/reg_file/\reg_array_reg[0][0] (SDFFX1)
 27                    0  MASTER    LE   NN     8945  + scan_clk              DU/reg_file/\reg_array_reg[0][11] (SDFFX1)
 27                    1  MASTER    LE   NN     8946  + scan_clk              DU/reg_file/\reg_array_reg[0][10] (SDFFX1)
 27                    2  MASTER    LE   NN     8947  + scan_clk              DU/reg_file/\reg_array_reg[0][9] (SDFFX1)
 27                    3  MASTER    LE   NN     8948  + scan_clk              DU/reg_file/\reg_array_reg[0][8] (SDFFX1)
 27                    4  MASTER    LE   NN     8949  + scan_clk              DU/reg_file/\reg_array_reg[0][7] (SDFFX1)
 27                    5  MASTER    LE   NN     8950  + scan_clk              DU/reg_file/\reg_array_reg[0][6] (SDFFX1)
 28                    0  MASTER    LE   II     8939  + scan_clk              DU/reg_file/\reg_array_reg[1][1] (SDFFX1)
 28                    1  MASTER    LE   NN     8940  + scan_clk              DU/reg_file/\reg_array_reg[1][0] (SDFFX1)
 28                    2  MASTER    LE   NN     8941  + scan_clk              DU/reg_file/\reg_array_reg[0][15] (SDFFX1)
 28                    3  MASTER    LE   NN     8942  + scan_clk              DU/reg_file/\reg_array_reg[0][14] (SDFFX1)
 28                    4  MASTER    LE   NN     8943  + scan_clk              DU/reg_file/\reg_array_reg[0][13] (SDFFX1)
 28                    5  MASTER    LE   NN     8944  + scan_clk              DU/reg_file/\reg_array_reg[0][12] (SDFFX1)
 29                    0  MASTER    LE   II     8933  + scan_clk              DU/reg_file/\reg_array_reg[1][7] (SDFFX1)
 29                    1  MASTER    LE   NN     8934  + scan_clk              DU/reg_file/\reg_array_reg[1][6] (SDFFX1)
 29                    2  MASTER    LE   II     8935  + scan_clk              DU/reg_file/\reg_array_reg[1][5] (SDFFX1)
 29                    3  MASTER    LE   NN     8936  + scan_clk              DU/reg_file/\reg_array_reg[1][4] (SDFFX1)
 29                    4  MASTER    LE   II     8937  + scan_clk              DU/reg_file/\reg_array_reg[1][3] (SDFFX1)
 29                    5  MASTER    LE   NN     8938  + scan_clk              DU/reg_file/\reg_array_reg[1][2] (SDFFX1)
 30                    0  MASTER    LE   II     8927  + scan_clk              DU/reg_file/\reg_array_reg[1][13] (SDFFX1)
 30                    1  MASTER    LE   NN     8928  + scan_clk              DU/reg_file/\reg_array_reg[1][12] (SDFFX1)
 30                    2  MASTER    LE   II     8929  + scan_clk              DU/reg_file/\reg_array_reg[1][11] (SDFFX1)
 30                    3  MASTER    LE   NN     8930  + scan_clk              DU/reg_file/\reg_array_reg[1][10] (SDFFX1)
 30                    4  MASTER    LE   II     8931  + scan_clk              DU/reg_file/\reg_array_reg[1][9] (SDFFX1)
 30                    5  MASTER    LE   NN     8932  + scan_clk              DU/reg_file/\reg_array_reg[1][8] (SDFFX1)
 31                    0  MASTER    LE   II     8921  + scan_clk              DU/reg_file/\reg_array_reg[2][3] (SDFFX1)
 31                    1  MASTER    LE   NN     8922  + scan_clk              DU/reg_file/\reg_array_reg[2][2] (SDFFX1)
 31                    2  MASTER    LE   II     8923  + scan_clk              DU/reg_file/\reg_array_reg[2][1] (SDFFX1)
 31                    3  MASTER    LE   NN     8924  + scan_clk              DU/reg_file/\reg_array_reg[2][0] (SDFFX1)
 31                    4  MASTER    LE   II     8925  + scan_clk              DU/reg_file/\reg_array_reg[1][15] (SDFFX1)
 31                    5  MASTER    LE   NN     8926  + scan_clk              DU/reg_file/\reg_array_reg[1][14] (SDFFX1)
 32                    0  MASTER    LE   II     8915  + scan_clk              DU/reg_file/\reg_array_reg[2][9] (SDFFX1)
 32                    1  MASTER    LE   NN     8916  + scan_clk              DU/reg_file/\reg_array_reg[2][8] (SDFFX1)
 32                    2  MASTER    LE   II     8917  + scan_clk              DU/reg_file/\reg_array_reg[2][7] (SDFFX1)
 32                    3  MASTER    LE   NN     8918  + scan_clk              DU/reg_file/\reg_array_reg[2][6] (SDFFX1)
 32                    4  MASTER    LE   II     8919  + scan_clk              DU/reg_file/\reg_array_reg[2][5] (SDFFX1)
 32                    5  MASTER    LE   NN     8920  + scan_clk              DU/reg_file/\reg_array_reg[2][4] (SDFFX1)
 33                    0  MASTER    LE   II     8909  + scan_clk              DU/reg_file/\reg_array_reg[2][15] (SDFFX1)
 33                    1  MASTER    LE   NN     8910  + scan_clk              DU/reg_file/\reg_array_reg[2][14] (SDFFX1)
 33                    2  MASTER    LE   II     8911  + scan_clk              DU/reg_file/\reg_array_reg[2][13] (SDFFX1)
 33                    3  MASTER    LE   NN     8912  + scan_clk              DU/reg_file/\reg_array_reg[2][12] (SDFFX1)
 33                    4  MASTER    LE   II     8913  + scan_clk              DU/reg_file/\reg_array_reg[2][11] (SDFFX1)
 33                    5  MASTER    LE   NN     8914  + scan_clk              DU/reg_file/\reg_array_reg[2][10] (SDFFX1)
 34                    0  MASTER    LE   II     8903  + scan_clk              DU/reg_file/\reg_array_reg[3][5] (SDFFX1)
 34                    1  MASTER    LE   NN     8904  + scan_clk              DU/reg_file/\reg_array_reg[3][4] (SDFFX1)
 34                    2  MASTER    LE   II     8905  + scan_clk              DU/reg_file/\reg_array_reg[3][3] (SDFFX1)
 34                    3  MASTER    LE   NN     8906  + scan_clk              DU/reg_file/\reg_array_reg[3][2] (SDFFX1)
 34                    4  MASTER    LE   II     8907  + scan_clk              DU/reg_file/\reg_array_reg[3][1] (SDFFX1)
 34                    5  MASTER    LE   NN     8908  + scan_clk              DU/reg_file/\reg_array_reg[3][0] (SDFFX1)
 35                    0  MASTER    LE   II     8897  + scan_clk              DU/reg_file/\reg_array_reg[3][11] (SDFFX1)
 35                    1  MASTER    LE   NN     8898  + scan_clk              DU/reg_file/\reg_array_reg[3][10] (SDFFX1)
 35                    2  MASTER    LE   II     8899  + scan_clk              DU/reg_file/\reg_array_reg[3][9] (SDFFX1)
 35                    3  MASTER    LE   NN     8900  + scan_clk              DU/reg_file/\reg_array_reg[3][8] (SDFFX1)
 35                    4  MASTER    LE   II     8901  + scan_clk              DU/reg_file/\reg_array_reg[3][7] (SDFFX1)
 35                    5  MASTER    LE   NN     8902  + scan_clk              DU/reg_file/\reg_array_reg[3][6] (SDFFX1)
 36                    0  MASTER    LE   II     8891  + scan_clk              DU/reg_file/\reg_array_reg[4][1] (SDFFX1)
 36                    1  MASTER    LE   NN     8892  + scan_clk              DU/reg_file/\reg_array_reg[4][0] (SDFFX1)
 36                    2  MASTER    LE   II     8893  + scan_clk              DU/reg_file/\reg_array_reg[3][15] (SDFFX1)
 36                    3  MASTER    LE   NN     8894  + scan_clk              DU/reg_file/\reg_array_reg[3][14] (SDFFX1)
 36                    4  MASTER    LE   II     8895  + scan_clk              DU/reg_file/\reg_array_reg[3][13] (SDFFX1)
 36                    5  MASTER    LE   NN     8896  + scan_clk              DU/reg_file/\reg_array_reg[3][12] (SDFFX1)
 37                    0  MASTER    LE   II     8885  + scan_clk              DU/reg_file/\reg_array_reg[4][7] (SDFFX1)
 37                    1  MASTER    LE   NN     8886  + scan_clk              DU/reg_file/\reg_array_reg[4][6] (SDFFX1)
 37                    2  MASTER    LE   II     8887  + scan_clk              DU/reg_file/\reg_array_reg[4][5] (SDFFX1)
 37                    3  MASTER    LE   NN     8888  + scan_clk              DU/reg_file/\reg_array_reg[4][4] (SDFFX1)
 37                    4  MASTER    LE   II     8889  + scan_clk              DU/reg_file/\reg_array_reg[4][3] (SDFFX1)
 37                    5  MASTER    LE   NN     8890  + scan_clk              DU/reg_file/\reg_array_reg[4][2] (SDFFX1)
 38                    0  MASTER    LE   II     8879  + scan_clk              DU/reg_file/\reg_array_reg[4][13] (SDFFX1)
 38                    1  MASTER    LE   NN     8880  + scan_clk              DU/reg_file/\reg_array_reg[4][12] (SDFFX1)
 38                    2  MASTER    LE   II     8881  + scan_clk              DU/reg_file/\reg_array_reg[4][11] (SDFFX1)
 38                    3  MASTER    LE   NN     8882  + scan_clk              DU/reg_file/\reg_array_reg[4][10] (SDFFX1)
 38                    4  MASTER    LE   II     8883  + scan_clk              DU/reg_file/\reg_array_reg[4][9] (SDFFX1)
 38                    5  MASTER    LE   NN     8884  + scan_clk              DU/reg_file/\reg_array_reg[4][8] (SDFFX1)
 39                    0  MASTER    LE   II     8873  + scan_clk              DU/reg_file/\reg_array_reg[5][3] (SDFFX1)
 39                    1  MASTER    LE   NN     8874  + scan_clk              DU/reg_file/\reg_array_reg[5][2] (SDFFX1)
 39                    2  MASTER    LE   II     8875  + scan_clk              DU/reg_file/\reg_array_reg[5][1] (SDFFX1)
 39                    3  MASTER    LE   NN     8876  + scan_clk              DU/reg_file/\reg_array_reg[5][0] (SDFFX1)
 39                    4  MASTER    LE   II     8877  + scan_clk              DU/reg_file/\reg_array_reg[4][15] (SDFFX1)
 39                    5  MASTER    LE   NN     8878  + scan_clk              DU/reg_file/\reg_array_reg[4][14] (SDFFX1)
 40                    0  MASTER    LE   II     8867  + scan_clk              DU/reg_file/\reg_array_reg[5][9] (SDFFX1)
 40                    1  MASTER    LE   NN     8868  + scan_clk              DU/reg_file/\reg_array_reg[5][8] (SDFFX1)
 40                    2  MASTER    LE   II     8869  + scan_clk              DU/reg_file/\reg_array_reg[5][7] (SDFFX1)
 40                    3  MASTER    LE   NN     8870  + scan_clk              DU/reg_file/\reg_array_reg[5][6] (SDFFX1)
 40                    4  MASTER    LE   II     8871  + scan_clk              DU/reg_file/\reg_array_reg[5][5] (SDFFX1)
 40                    5  MASTER    LE   NN     8872  + scan_clk              DU/reg_file/\reg_array_reg[5][4] (SDFFX1)
 41                    0  MASTER    LE   II     8861  + scan_clk              DU/reg_file/\reg_array_reg[5][15] (SDFFX1)
 41                    1  MASTER    LE   NN     8862  + scan_clk              DU/reg_file/\reg_array_reg[5][14] (SDFFX1)
 41                    2  MASTER    LE   II     8863  + scan_clk              DU/reg_file/\reg_array_reg[5][13] (SDFFX1)
 41                    3  MASTER    LE   NN     8864  + scan_clk              DU/reg_file/\reg_array_reg[5][12] (SDFFX1)
 41                    4  MASTER    LE   II     8865  + scan_clk              DU/reg_file/\reg_array_reg[5][11] (SDFFX1)
 41                    5  MASTER    LE   NN     8866  + scan_clk              DU/reg_file/\reg_array_reg[5][10] (SDFFX1)
 42                    0  MASTER    LE   II     8855  + scan_clk              DU/reg_file/\reg_array_reg[6][5] (SDFFX1)
 42                    1  MASTER    LE   NN     8856  + scan_clk              DU/reg_file/\reg_array_reg[6][4] (SDFFX1)
 42                    2  MASTER    LE   II     8857  + scan_clk              DU/reg_file/\reg_array_reg[6][3] (SDFFX1)
 42                    3  MASTER    LE   NN     8858  + scan_clk              DU/reg_file/\reg_array_reg[6][2] (SDFFX1)
 42                    4  MASTER    LE   II     8859  + scan_clk              DU/reg_file/\reg_array_reg[6][1] (SDFFX1)
 42                    5  MASTER    LE   NN     8860  + scan_clk              DU/reg_file/\reg_array_reg[6][0] (SDFFX1)
 43                    0  MASTER    LE   II     8849  + scan_clk              DU/reg_file/\reg_array_reg[6][11] (SDFFX1)
 43                    1  MASTER    LE   NN     8850  + scan_clk              DU/reg_file/\reg_array_reg[6][10] (SDFFX1)
 43                    2  MASTER    LE   II     8851  + scan_clk              DU/reg_file/\reg_array_reg[6][9] (SDFFX1)
 43                    3  MASTER    LE   NN     8852  + scan_clk              DU/reg_file/\reg_array_reg[6][8] (SDFFX1)
 43                    4  MASTER    LE   II     8853  + scan_clk              DU/reg_file/\reg_array_reg[6][7] (SDFFX1)
 43                    5  MASTER    LE   NN     8854  + scan_clk              DU/reg_file/\reg_array_reg[6][6] (SDFFX1)
 44                    0  MASTER    LE   NI     8844  + scan_clk              DU/reg_file/\reg_array_reg[7][0] (SDFFX1)
 44                    1  MASTER    LE   IN     8845  + scan_clk              DU/reg_file/\reg_array_reg[6][15] (SDFFX1)
 44                    2  MASTER    LE   NI     8846  + scan_clk              DU/reg_file/\reg_array_reg[6][14] (SDFFX1)
 44                    3  MASTER    LE   IN     8847  + scan_clk              DU/reg_file/\reg_array_reg[6][13] (SDFFX1)
 44                    4  MASTER    LE   NI     8848  + scan_clk              DU/reg_file/\reg_array_reg[6][12] (SDFFX1)
 45                    0  MASTER    LE   NI     8839  + scan_clk              DU/reg_file/\reg_array_reg[7][5] (SDFFX1)
 45                    1  MASTER    LE   IN     8840  + scan_clk              DU/reg_file/\reg_array_reg[7][4] (SDFFX1)
 45                    2  MASTER    LE   NI     8841  + scan_clk              DU/reg_file/\reg_array_reg[7][3] (SDFFX1)
 45                    3  MASTER    LE   IN     8842  + scan_clk              DU/reg_file/\reg_array_reg[7][2] (SDFFX1)
 45                    4  MASTER    LE   NI     8843  + scan_clk              DU/reg_file/\reg_array_reg[7][1] (SDFFX1)
 46                    0  MASTER    LE   NI     8834  + scan_clk              DU/reg_file/\reg_array_reg[7][10] (SDFFX1)
 46                    1  MASTER    LE   IN     8835  + scan_clk              DU/reg_file/\reg_array_reg[7][9] (SDFFX1)
 46                    2  MASTER    LE   NI     8836  + scan_clk              DU/reg_file/\reg_array_reg[7][8] (SDFFX1)
 46                    3  MASTER    LE   IN     8837  + scan_clk              DU/reg_file/\reg_array_reg[7][7] (SDFFX1)
 46                    4  MASTER    LE   NI     8838  + scan_clk              DU/reg_file/\reg_array_reg[7][6] (SDFFX1)
 47                    0  MASTER    LE   NI     8829  + scan_clk              DU/reg_file/\reg_array_reg[7][15] (SDFFX1)
 47                    1  MASTER    LE   IN     8830  + scan_clk              DU/reg_file/\reg_array_reg[7][14] (SDFFX1)
 47                    2  MASTER    LE   NI     8831  + scan_clk              DU/reg_file/\reg_array_reg[7][13] (SDFFX1)
 47                    3  MASTER    LE   IN     8832  + scan_clk              DU/reg_file/\reg_array_reg[7][12] (SDFFX1)
 47                    4  MASTER    LE   NI     8833  + scan_clk              DU/reg_file/\reg_array_reg[7][11] (SDFFX1)
