 Patn   Pattern          Cycle  Load   Observe  Clocks
 num    type             count  count  proc     used
 -----  ---------------  -----  -----  -------  -----------------------
 0      basic_scan        1/0   1      -        -
 1      basic_scan        1/1   1      -        scan_clk
 2      basic_scan        1/1   1      -        scan_clk
 3      basic_scan        1/1   1      -        scan_clk
 4      basic_scan        1/1   1      -        scan_clk
 5      basic_scan        1/1   1      -        scan_clk
 6      basic_scan        1/1   1      -        scan_clk
 7      basic_scan        1/1   1      -        scan_clk
 8      basic_scan        1/1   1      -        scan_clk
 9      basic_scan        1/1   1      -        scan_clk
 10     basic_scan        1/1   1      -        scan_clk
 11     basic_scan        1/1   1      -        scan_clk
 12     basic_scan        1/1   1      -        scan_clk
 13     basic_scan        1/1   1      -        scan_clk
 14     basic_scan        1/1   1      -        scan_clk
 15     basic_scan        1/1   1      -        scan_clk
 16     basic_scan        1/1   1      -        scan_clk
 17     basic_scan        1/1   1      -        scan_clk
 18     basic_scan        1/1   1      -        scan_clk
 19     basic_scan        1/1   1      -        scan_clk
 20     basic_scan        1/1   1      -        scan_clk
 21     basic_scan        1/1   1      -        scan_clk
 22     basic_scan        1/1   1      -        scan_clk
 23     basic_scan        1/1   1      -        scan_clk
 24     basic_scan        1/1   1      -        scan_clk
 25     basic_scan        1/1   1      -        scan_clk
 26     basic_scan        1/1   1      -        scan_clk
 27     basic_scan        1/1   1      -        scan_clk
 28     basic_scan        1/1   1      -        scan_clk
 29     basic_scan        1/1   1      -        scan_clk
 30     basic_scan        1/1   1      -        clk
 31     basic_scan        1/1   1      -        scan_clk
