 chain              cell  type     edge  inv   gate#  clocks                  instance_name (type)
 -----------------  ----  -------  ----  ---  ------  ----------------------  ------------------------------------
 1                     0  MASTER    LE   NN     8953  + scan_clk              DU/dm/\memory_reg[5][10] (SDFFX1)
 1                     1  MASTER    LE   II     8954  + scan_clk              DU/dm/\memory_reg[5][9] (SDFFX1)
 1                     2  MASTER    LE   NN     8955  + scan_clk              DU/dm/\memory_reg[5][8] (SDFFX1)
 1                     3  MASTER    LE   II     8956  + scan_clk              DU/dm/\memory_reg[5][7] (SDFFX1)
 1                     4  MASTER    LE   NN     8957  + scan_clk              DU/dm/\memory_reg[5][6] (SDFFX1)
 1                     5  MASTER    LE   II     8958  + scan_clk              DU/dm/\memory_reg[5][5] (SDFFX1)
 1                     6  MASTER    LE   NN     8959  + scan_clk              DU/dm/\memory_reg[5][4] (SDFFX1)
 1                     7  MASTER    LE   II     8960  + scan_clk              DU/dm/\memory_reg[5][3] (SDFFX1)
 1                     8  MASTER    LE   NN     8961  + scan_clk              DU/dm/\memory_reg[5][2] (SDFFX1)
 1                     9  MASTER    LE   II     8962  + scan_clk              DU/dm/\memory_reg[5][1] (SDFFX1)
 1                    10  MASTER    LE   NN     8963  + scan_clk              DU/dm/\memory_reg[5][0] (SDFFX1)
 1                    11  MASTER    LE   II     8964  + scan_clk              DU/dm/\memory_reg[4][15] (SDFFX1)
 1                    12  MASTER    LE   NN     8965  + scan_clk              DU/dm/\memory_reg[4][14] (SDFFX1)
 1                    13  MASTER    LE   II     8966  + scan_clk              DU/dm/\memory_reg[4][13] (SDFFX1)
 1                    14  MASTER    LE   NN     8967  + scan_clk              DU/dm/\memory_reg[4][12] (SDFFX1)
 1                    15  MASTER    LE   II     8968  + scan_clk              DU/dm/\memory_reg[4][11] (SDFFX1)
 1                    16  MASTER    LE   NN     8969  + scan_clk              DU/dm/\memory_reg[4][10] (SDFFX1)
 1                    17  MASTER    LE   II     8970  + scan_clk              DU/dm/\memory_reg[4][9] (SDFFX1)
 1                    18  MASTER    LE   NN     8971  + scan_clk              DU/dm/\memory_reg[4][8] (SDFFX1)
 1                    19  MASTER    LE   II     8972  + scan_clk              DU/dm/\memory_reg[4][7] (SDFFX1)
 1                    20  MASTER    LE   NN     8973  + scan_clk              DU/dm/\memory_reg[4][6] (SDFFX1)
 1                    21  MASTER    LE   II     8974  + scan_clk              DU/dm/\memory_reg[4][5] (SDFFX1)
 1                    22  MASTER    LE   NN     8975  + scan_clk              DU/dm/\memory_reg[4][4] (SDFFX1)
 1                    23  MASTER    LE   II     8976  + scan_clk              DU/dm/\memory_reg[4][3] (SDFFX1)
 1                    24  MASTER    LE   NN     8977  + scan_clk              DU/dm/\memory_reg[4][2] (SDFFX1)
 1                    25  MASTER    LE   II     8978  + scan_clk              DU/dm/\memory_reg[4][1] (SDFFX1)
 1                    26  MASTER    LE   NN     8979  + scan_clk              DU/dm/\memory_reg[4][0] (SDFFX1)
 1                    27  MASTER    LE   II     8980  + scan_clk              DU/dm/\memory_reg[3][15] (SDFFX1)
 1                    28  MASTER    LE   NN     8981  + scan_clk              DU/dm/\memory_reg[3][14] (SDFFX1)
 1                    29  MASTER    LE   II     8982  + scan_clk              DU/dm/\memory_reg[3][13] (SDFFX1)
 1                    30  MASTER    LE   NN     8983  + scan_clk              DU/dm/\memory_reg[3][12] (SDFFX1)
 1                    31  MASTER    LE   II     8984  + scan_clk              DU/dm/\memory_reg[3][11] (SDFFX1)
 1                    32  MASTER    LE   NN     8985  + scan_clk              DU/dm/\memory_reg[3][10] (SDFFX1)
 1                    33  MASTER    LE   II     8986  + scan_clk              DU/dm/\memory_reg[3][9] (SDFFX1)
 1                    34  MASTER    LE   NN     8987  + scan_clk              DU/dm/\memory_reg[3][8] (SDFFX1)
 1                    35  MASTER    LE   II     8988  + scan_clk              DU/dm/\memory_reg[3][7] (SDFFX1)
 1                    36  MASTER    LE   NN     8989  + scan_clk              DU/dm/\memory_reg[3][6] (SDFFX1)
 1                    37  MASTER    LE   II     8990  + scan_clk              DU/dm/\memory_reg[3][5] (SDFFX1)
 1                    38  MASTER    LE   NN     8991  + scan_clk              DU/dm/\memory_reg[3][4] (SDFFX1)
 1                    39  MASTER    LE   II     8992  + scan_clk              DU/dm/\memory_reg[3][3] (SDFFX1)
 1                    40  MASTER    LE   NN     8993  + scan_clk              DU/dm/\memory_reg[3][2] (SDFFX1)
 1                    41  MASTER    LE   II     8994  + scan_clk              DU/dm/\memory_reg[3][1] (SDFFX1)
 1                    42  MASTER    LE   NN     8995  + scan_clk              DU/dm/\memory_reg[3][0] (SDFFX1)
 1                    43  MASTER    LE   II     8996  + scan_clk              DU/dm/\memory_reg[2][15] (SDFFX1)
 1                    44  MASTER    LE   NN     8997  + scan_clk              DU/dm/\memory_reg[2][14] (SDFFX1)
 1                    45  MASTER    LE   II     8998  + scan_clk              DU/dm/\memory_reg[2][13] (SDFFX1)
 1                    46  MASTER    LE   NN     8999  + scan_clk              DU/dm/\memory_reg[2][12] (SDFFX1)
 1                    47  MASTER    LE   II     9000  + scan_clk              DU/dm/\memory_reg[2][11] (SDFFX1)
 1                    48  MASTER    LE   NN     9001  + scan_clk              DU/dm/\memory_reg[2][10] (SDFFX1)
 1                    49  MASTER    LE   II     9002  + scan_clk              DU/dm/\memory_reg[2][9] (SDFFX1)
 1                    50  MASTER    LE   NN     9003  + scan_clk              DU/dm/\memory_reg[2][8] (SDFFX1)
 1                    51  MASTER    LE   II     9004  + scan_clk              DU/dm/\memory_reg[2][7] (SDFFX1)
 1                    52  MASTER    LE   NN     9005  + scan_clk              DU/dm/\memory_reg[2][6] (SDFFX1)
 1                    53  MASTER    LE   II     9006  + scan_clk              DU/dm/\memory_reg[2][5] (SDFFX1)
 1                    54  MASTER    LE   NN     9007  + scan_clk              DU/dm/\memory_reg[2][4] (SDFFX1)
 1                    55  MASTER    LE   II     9008  + scan_clk              DU/dm/\memory_reg[2][3] (SDFFX1)
 1                    56  MASTER    LE   NN     9009  + scan_clk              DU/dm/\memory_reg[2][2] (SDFFX1)
 1                    57  MASTER    LE   II     9010  + scan_clk              DU/dm/\memory_reg[2][1] (SDFFX1)
 1                    58  MASTER    LE   NN     9011  + scan_clk              DU/dm/\memory_reg[2][0] (SDFFX1)
 1                    59  MASTER    LE   II     9012  + scan_clk              DU/dm/\memory_reg[1][15] (SDFFX1)
 1                    60  MASTER    LE   NN     9013  + scan_clk              DU/dm/\memory_reg[1][14] (SDFFX1)
 1                    61  MASTER    LE   II     9014  + scan_clk              DU/dm/\memory_reg[1][13] (SDFFX1)
 1                    62  MASTER    LE   NN     9015  + scan_clk              DU/dm/\memory_reg[1][12] (SDFFX1)
 1                    63  MASTER    LE   II     9016  + scan_clk              DU/dm/\memory_reg[1][11] (SDFFX1)
 1                    64  MASTER    LE   NN     9017  + scan_clk              DU/dm/\memory_reg[1][10] (SDFFX1)
 1                    65  MASTER    LE   II     9018  + scan_clk              DU/dm/\memory_reg[1][9] (SDFFX1)
 1                    66  MASTER    LE   NN     9019  + scan_clk              DU/dm/\memory_reg[1][8] (SDFFX1)
 1                    67  MASTER    LE   II     9020  + scan_clk              DU/dm/\memory_reg[1][7] (SDFFX1)
 1                    68  MASTER    LE   NN     9021  + scan_clk              DU/dm/\memory_reg[1][6] (SDFFX1)
 1                    69  MASTER    LE   II     9022  + scan_clk              DU/dm/\memory_reg[1][5] (SDFFX1)
 1                    70  MASTER    LE   NN     9023  + scan_clk              DU/dm/\memory_reg[1][4] (SDFFX1)
 1                    71  MASTER    LE   II     9024  + scan_clk              DU/dm/\memory_reg[1][3] (SDFFX1)
 1                    72  MASTER    LE   NN     9025  + scan_clk              DU/dm/\memory_reg[1][2] (SDFFX1)
 1                    73  MASTER    LE   II     9026  + scan_clk              DU/dm/\memory_reg[1][1] (SDFFX1)
 1                    74  MASTER    LE   NN     9027  + scan_clk              DU/dm/\memory_reg[1][0] (SDFFX1)
 1                    75  MASTER    LE   II     9028  + scan_clk              DU/dm/\memory_reg[0][15] (SDFFX1)
 1                    76  MASTER    LE   NN     9029  + scan_clk              DU/dm/\memory_reg[0][14] (SDFFX1)
 1                    77  MASTER    LE   II     9030  + scan_clk              DU/dm/\memory_reg[0][13] (SDFFX1)
 1                    78  MASTER    LE   NN     9031  + scan_clk              DU/dm/\memory_reg[0][12] (SDFFX1)
 1                    79  MASTER    LE   II     9032  + scan_clk              DU/dm/\memory_reg[0][11] (SDFFX1)
 1                    80  MASTER    LE   NN     9033  + scan_clk              DU/dm/\memory_reg[0][10] (SDFFX1)
 1                    81  MASTER    LE   II     9034  + scan_clk              DU/dm/\memory_reg[0][9] (SDFFX1)
 1                    82  MASTER    LE   NN     9035  + scan_clk              DU/dm/\memory_reg[0][8] (SDFFX1)
 1                    83  MASTER    LE   II     9036  + scan_clk              DU/dm/\memory_reg[0][7] (SDFFX1)
 1                    84  MASTER    LE   NN     9037  + scan_clk              DU/dm/\memory_reg[0][6] (SDFFX1)
 1                    85  MASTER    LE   II     9038  + scan_clk              DU/dm/\memory_reg[0][5] (SDFFX1)
 1                    86  MASTER    LE   NN     9039  + scan_clk              DU/dm/\memory_reg[0][4] (SDFFX1)
 1                    87  MASTER    LE   II     9040  + scan_clk              DU/dm/\memory_reg[0][3] (SDFFX1)
 1                    88  MASTER    LE   NN     9041  + scan_clk              DU/dm/\memory_reg[0][2] (SDFFX1)
 1                    89  MASTER    LE   II     9042  + scan_clk              DU/dm/\memory_reg[0][1] (SDFFX1)
 1                    90  MASTER    LE   NN     9043  + scan_clk              DU/dm/\memory_reg[0][0] (SDFFX1)
 2                     0  MASTER    TE   NN     9057  - scan_clk              snps_clk_chain_0/\U_shftreg_0/ff_0/q_reg (DFFNX1)
 2                     1  MASTER    TE   NN     9056  - scan_clk              snps_clk_chain_0/\U_shftreg_0/ff_1/q_reg (DFFNX1)
 2                     2  MASTER    TE   NN     9055  - scan_clk              snps_clk_chain_0/\U_shftreg_0/ff_2/q_reg (DFFNX1)
 2                     3  MASTER    TE   NN     9054  - scan_clk              snps_clk_chain_0/\U_shftreg_0/ff_3/q_reg (DFFNX1)
 3                     0  MASTER    LE   IN     8878  + scan_clk              DU/reg_file/\reg_array_reg[2][5] (SDFFX1)
 3                     1  MASTER    LE   NI     8879  + scan_clk              DU/reg_file/\reg_array_reg[2][4] (SDFFX1)
 3                     2  MASTER    LE   IN     8880  + scan_clk              DU/reg_file/\reg_array_reg[2][3] (SDFFX1)
 3                     3  MASTER    LE   NI     8881  + scan_clk              DU/reg_file/\reg_array_reg[2][2] (SDFFX1)
 3                     4  MASTER    LE   IN     8882  + scan_clk              DU/reg_file/\reg_array_reg[2][1] (SDFFX1)
 3                     5  MASTER    LE   NI     8883  + scan_clk              DU/reg_file/\reg_array_reg[2][0] (SDFFX1)
 3                     6  MASTER    LE   IN     8884  + scan_clk              DU/reg_file/\reg_array_reg[1][15] (SDFFX1)
 3                     7  MASTER    LE   NI     8885  + scan_clk              DU/reg_file/\reg_array_reg[1][14] (SDFFX1)
 3                     8  MASTER    LE   IN     8886  + scan_clk              DU/reg_file/\reg_array_reg[1][13] (SDFFX1)
 3                     9  MASTER    LE   NI     8887  + scan_clk              DU/reg_file/\reg_array_reg[1][12] (SDFFX1)
 3                    10  MASTER    LE   IN     8888  + scan_clk              DU/reg_file/\reg_array_reg[1][11] (SDFFX1)
 3                    11  MASTER    LE   NI     8889  + scan_clk              DU/reg_file/\reg_array_reg[1][10] (SDFFX1)
 3                    12  MASTER    LE   IN     8890  + scan_clk              DU/reg_file/\reg_array_reg[1][9] (SDFFX1)
 3                    13  MASTER    LE   NI     8891  + scan_clk              DU/reg_file/\reg_array_reg[1][8] (SDFFX1)
 3                    14  MASTER    LE   IN     8892  + scan_clk              DU/reg_file/\reg_array_reg[1][7] (SDFFX1)
 3                    15  MASTER    LE   NI     8893  + scan_clk              DU/reg_file/\reg_array_reg[1][6] (SDFFX1)
 3                    16  MASTER    LE   IN     8894  + scan_clk              DU/reg_file/\reg_array_reg[1][5] (SDFFX1)
 3                    17  MASTER    LE   NI     8895  + scan_clk              DU/reg_file/\reg_array_reg[1][4] (SDFFX1)
 3                    18  MASTER    LE   IN     8896  + scan_clk              DU/reg_file/\reg_array_reg[1][3] (SDFFX1)
 3                    19  MASTER    LE   NI     8897  + scan_clk              DU/reg_file/\reg_array_reg[1][2] (SDFFX1)
 3                    20  MASTER    LE   IN     8898  + scan_clk              DU/reg_file/\reg_array_reg[1][1] (SDFFX1)
 3                    21  MASTER    LE   NI     8899  + scan_clk              DU/reg_file/\reg_array_reg[1][0] (SDFFX1)
 3                    22  MASTER    LE   NI     8900  + scan_clk              DU/reg_file/\reg_array_reg[0][15] (SDFFX1)
 3                    23  MASTER    LE   NI     8901  + scan_clk              DU/reg_file/\reg_array_reg[0][14] (SDFFX1)
 3                    24  MASTER    LE   NI     8902  + scan_clk              DU/reg_file/\reg_array_reg[0][13] (SDFFX1)
 3                    25  MASTER    LE   NI     8903  + scan_clk              DU/reg_file/\reg_array_reg[0][12] (SDFFX1)
 3                    26  MASTER    LE   NI     8904  + scan_clk              DU/reg_file/\reg_array_reg[0][11] (SDFFX1)
 3                    27  MASTER    LE   NI     8905  + scan_clk              DU/reg_file/\reg_array_reg[0][10] (SDFFX1)
 3                    28  MASTER    LE   NI     8906  + scan_clk              DU/reg_file/\reg_array_reg[0][9] (SDFFX1)
 3                    29  MASTER    LE   NI     8907  + scan_clk              DU/reg_file/\reg_array_reg[0][8] (SDFFX1)
 3                    30  MASTER    LE   NI     8908  + scan_clk              DU/reg_file/\reg_array_reg[0][7] (SDFFX1)
 3                    31  MASTER    LE   NI     8909  + scan_clk              DU/reg_file/\reg_array_reg[0][6] (SDFFX1)
 3                    32  MASTER    LE   NI     8910  + scan_clk              DU/reg_file/\reg_array_reg[0][5] (SDFFX1)
 3                    33  MASTER    LE   NI     8911  + scan_clk              DU/reg_file/\reg_array_reg[0][4] (SDFFX1)
 3                    34  MASTER    LE   NI     8912  + scan_clk              DU/reg_file/\reg_array_reg[0][3] (SDFFX1)
 3                    35  MASTER    LE   IN     8913  + scan_clk              DU/reg_file/\reg_array_reg[0][2] (SDFFX1)
 3                    36  MASTER    LE   NI     8914  + scan_clk              DU/reg_file/\reg_array_reg[0][1] (SDFFX1)
 3                    37  MASTER    LE   IN     8915  + scan_clk              DU/reg_file/\reg_array_reg[0][0] (SDFFX1)
 3                    38  MASTER    LE   NI     8773  + scan_clk              DU/\pc_current_reg[15] (SDFFX1)
 3                    39  MASTER    LE   IN     8783  + scan_clk              DU/\pc_current_reg[14] (SDFFX1)
 3                    40  MASTER    LE   NI     8784  + scan_clk              DU/\pc_current_reg[13] (SDFFX1)
 3                    41  MASTER    LE   IN     8785  + scan_clk              DU/\pc_current_reg[12] (SDFFX1)
 3                    42  MASTER    LE   NI     8786  + scan_clk              DU/\pc_current_reg[11] (SDFFX1)
 3                    43  MASTER    LE   IN     8787  + scan_clk              DU/\pc_current_reg[10] (SDFFX1)
 3                    44  MASTER    LE   NI     8774  + scan_clk              DU/\pc_current_reg[9] (SDFFX1)
 3                    45  MASTER    LE   IN     8775  + scan_clk              DU/\pc_current_reg[8] (SDFFX1)
 3                    46  MASTER    LE   NI     8776  + scan_clk              DU/\pc_current_reg[7] (SDFFX1)
 3                    47  MASTER    LE   IN     8777  + scan_clk              DU/\pc_current_reg[6] (SDFFX1)
 3                    48  MASTER    LE   NI     8778  + scan_clk              DU/\pc_current_reg[5] (SDFFX1)
 3                    49  MASTER    LE   IN     8779  + scan_clk              DU/\pc_current_reg[4] (SDFFX1)
 3                    50  MASTER    LE   NI     8780  + scan_clk              DU/\pc_current_reg[3] (SDFFX1)
 3                    51  MASTER    LE   IN     8781  + scan_clk              DU/\pc_current_reg[2] (SDFFX1)
 3                    52  MASTER    LE   NI     8782  + scan_clk              DU/\pc_current_reg[1] (SDFFX1)
 3                    53  MASTER    LE   IN     8772  + scan_clk              DU/\pc_current_reg[0] (SDFFX1)
 3                    54  MASTER    LE   NI     8916  + scan_clk              DU/dm/\memory_reg[7][15] (SDFFX1)
 3                    55  MASTER    LE   IN     8917  + scan_clk              DU/dm/\memory_reg[7][14] (SDFFX1)
 3                    56  MASTER    LE   NI     8918  + scan_clk              DU/dm/\memory_reg[7][13] (SDFFX1)
 3                    57  MASTER    LE   IN     8919  + scan_clk              DU/dm/\memory_reg[7][12] (SDFFX1)
 3                    58  MASTER    LE   NI     8920  + scan_clk              DU/dm/\memory_reg[7][11] (SDFFX1)
 3                    59  MASTER    LE   IN     8921  + scan_clk              DU/dm/\memory_reg[7][10] (SDFFX1)
 3                    60  MASTER    LE   NI     8922  + scan_clk              DU/dm/\memory_reg[7][9] (SDFFX1)
 3                    61  MASTER    LE   IN     8923  + scan_clk              DU/dm/\memory_reg[7][8] (SDFFX1)
 3                    62  MASTER    LE   NI     8924  + scan_clk              DU/dm/\memory_reg[7][7] (SDFFX1)
 3                    63  MASTER    LE   IN     8925  + scan_clk              DU/dm/\memory_reg[7][6] (SDFFX1)
 3                    64  MASTER    LE   NI     8926  + scan_clk              DU/dm/\memory_reg[7][5] (SDFFX1)
 3                    65  MASTER    LE   IN     8927  + scan_clk              DU/dm/\memory_reg[7][4] (SDFFX1)
 3                    66  MASTER    LE   NI     8928  + scan_clk              DU/dm/\memory_reg[7][3] (SDFFX1)
 3                    67  MASTER    LE   IN     8929  + scan_clk              DU/dm/\memory_reg[7][2] (SDFFX1)
 3                    68  MASTER    LE   NI     8930  + scan_clk              DU/dm/\memory_reg[7][1] (SDFFX1)
 3                    69  MASTER    LE   IN     8931  + scan_clk              DU/dm/\memory_reg[7][0] (SDFFX1)
 3                    70  MASTER    LE   NI     8932  + scan_clk              DU/dm/\memory_reg[6][15] (SDFFX1)
 3                    71  MASTER    LE   IN     8933  + scan_clk              DU/dm/\memory_reg[6][14] (SDFFX1)
 3                    72  MASTER    LE   NI     8934  + scan_clk              DU/dm/\memory_reg[6][13] (SDFFX1)
 3                    73  MASTER    LE   IN     8935  + scan_clk              DU/dm/\memory_reg[6][12] (SDFFX1)
 3                    74  MASTER    LE   NI     8936  + scan_clk              DU/dm/\memory_reg[6][11] (SDFFX1)
 3                    75  MASTER    LE   IN     8937  + scan_clk              DU/dm/\memory_reg[6][10] (SDFFX1)
 3                    76  MASTER    LE   NI     8938  + scan_clk              DU/dm/\memory_reg[6][9] (SDFFX1)
 3                    77  MASTER    LE   IN     8939  + scan_clk              DU/dm/\memory_reg[6][8] (SDFFX1)
 3                    78  MASTER    LE   NI     8940  + scan_clk              DU/dm/\memory_reg[6][7] (SDFFX1)
 3                    79  MASTER    LE   IN     8941  + scan_clk              DU/dm/\memory_reg[6][6] (SDFFX1)
 3                    80  MASTER    LE   NI     8942  + scan_clk              DU/dm/\memory_reg[6][5] (SDFFX1)
 3                    81  MASTER    LE   IN     8943  + scan_clk              DU/dm/\memory_reg[6][4] (SDFFX1)
 3                    82  MASTER    LE   NI     8944  + scan_clk              DU/dm/\memory_reg[6][3] (SDFFX1)
 3                    83  MASTER    LE   IN     8945  + scan_clk              DU/dm/\memory_reg[6][2] (SDFFX1)
 3                    84  MASTER    LE   NI     8946  + scan_clk              DU/dm/\memory_reg[6][1] (SDFFX1)
 3                    85  MASTER    LE   IN     8947  + scan_clk              DU/dm/\memory_reg[6][0] (SDFFX1)
 3                    86  MASTER    LE   NI     8948  + scan_clk              DU/dm/\memory_reg[5][15] (SDFFX1)
 3                    87  MASTER    LE   IN     8949  + scan_clk              DU/dm/\memory_reg[5][14] (SDFFX1)
 3                    88  MASTER    LE   NI     8950  + scan_clk              DU/dm/\memory_reg[5][13] (SDFFX1)
 3                    89  MASTER    LE   IN     8951  + scan_clk              DU/dm/\memory_reg[5][12] (SDFFX1)
 3                    90  MASTER    LE   NI     8952  + scan_clk              DU/dm/\memory_reg[5][11] (SDFFX1)
 4                     0  MASTER    LE   IN     8788  + scan_clk              DU/reg_file/\reg_array_reg[7][15] (SDFFX1)
 4                     1  MASTER    LE   NI     8789  + scan_clk              DU/reg_file/\reg_array_reg[7][14] (SDFFX1)
 4                     2  MASTER    LE   IN     8790  + scan_clk              DU/reg_file/\reg_array_reg[7][13] (SDFFX1)
 4                     3  MASTER    LE   NI     8791  + scan_clk              DU/reg_file/\reg_array_reg[7][12] (SDFFX1)
 4                     4  MASTER    LE   IN     8792  + scan_clk              DU/reg_file/\reg_array_reg[7][11] (SDFFX1)
 4                     5  MASTER    LE   NI     8793  + scan_clk              DU/reg_file/\reg_array_reg[7][10] (SDFFX1)
 4                     6  MASTER    LE   IN     8794  + scan_clk              DU/reg_file/\reg_array_reg[7][9] (SDFFX1)
 4                     7  MASTER    LE   NI     8795  + scan_clk              DU/reg_file/\reg_array_reg[7][8] (SDFFX1)
 4                     8  MASTER    LE   IN     8796  + scan_clk              DU/reg_file/\reg_array_reg[7][7] (SDFFX1)
 4                     9  MASTER    LE   NI     8797  + scan_clk              DU/reg_file/\reg_array_reg[7][6] (SDFFX1)
 4                    10  MASTER    LE   IN     8798  + scan_clk              DU/reg_file/\reg_array_reg[7][5] (SDFFX1)
 4                    11  MASTER    LE   NI     8799  + scan_clk              DU/reg_file/\reg_array_reg[7][4] (SDFFX1)
 4                    12  MASTER    LE   IN     8800  + scan_clk              DU/reg_file/\reg_array_reg[7][3] (SDFFX1)
 4                    13  MASTER    LE   NI     8801  + scan_clk              DU/reg_file/\reg_array_reg[7][2] (SDFFX1)
 4                    14  MASTER    LE   IN     8802  + scan_clk              DU/reg_file/\reg_array_reg[7][1] (SDFFX1)
 4                    15  MASTER    LE   NI     8803  + scan_clk              DU/reg_file/\reg_array_reg[7][0] (SDFFX1)
 4                    16  MASTER    LE   IN     8804  + scan_clk              DU/reg_file/\reg_array_reg[6][15] (SDFFX1)
 4                    17  MASTER    LE   NI     8805  + scan_clk              DU/reg_file/\reg_array_reg[6][14] (SDFFX1)
 4                    18  MASTER    LE   IN     8806  + scan_clk              DU/reg_file/\reg_array_reg[6][13] (SDFFX1)
 4                    19  MASTER    LE   NI     8807  + scan_clk              DU/reg_file/\reg_array_reg[6][12] (SDFFX1)
 4                    20  MASTER    LE   IN     8808  + scan_clk              DU/reg_file/\reg_array_reg[6][11] (SDFFX1)
 4                    21  MASTER    LE   NI     8809  + scan_clk              DU/reg_file/\reg_array_reg[6][10] (SDFFX1)
 4                    22  MASTER    LE   IN     8810  + scan_clk              DU/reg_file/\reg_array_reg[6][9] (SDFFX1)
 4                    23  MASTER    LE   NI     8811  + scan_clk              DU/reg_file/\reg_array_reg[6][8] (SDFFX1)
 4                    24  MASTER    LE   IN     8812  + scan_clk              DU/reg_file/\reg_array_reg[6][7] (SDFFX1)
 4                    25  MASTER    LE   NI     8813  + scan_clk              DU/reg_file/\reg_array_reg[6][6] (SDFFX1)
 4                    26  MASTER    LE   IN     8814  + scan_clk              DU/reg_file/\reg_array_reg[6][5] (SDFFX1)
 4                    27  MASTER    LE   NI     8815  + scan_clk              DU/reg_file/\reg_array_reg[6][4] (SDFFX1)
 4                    28  MASTER    LE   IN     8816  + scan_clk              DU/reg_file/\reg_array_reg[6][3] (SDFFX1)
 4                    29  MASTER    LE   NI     8817  + scan_clk              DU/reg_file/\reg_array_reg[6][2] (SDFFX1)
 4                    30  MASTER    LE   IN     8818  + scan_clk              DU/reg_file/\reg_array_reg[6][1] (SDFFX1)
 4                    31  MASTER    LE   NI     8819  + scan_clk              DU/reg_file/\reg_array_reg[6][0] (SDFFX1)
 4                    32  MASTER    LE   IN     8820  + scan_clk              DU/reg_file/\reg_array_reg[5][15] (SDFFX1)
 4                    33  MASTER    LE   NI     8821  + scan_clk              DU/reg_file/\reg_array_reg[5][14] (SDFFX1)
 4                    34  MASTER    LE   IN     8822  + scan_clk              DU/reg_file/\reg_array_reg[5][13] (SDFFX1)
 4                    35  MASTER    LE   NI     8823  + scan_clk              DU/reg_file/\reg_array_reg[5][12] (SDFFX1)
 4                    36  MASTER    LE   IN     8824  + scan_clk              DU/reg_file/\reg_array_reg[5][11] (SDFFX1)
 4                    37  MASTER    LE   NI     8825  + scan_clk              DU/reg_file/\reg_array_reg[5][10] (SDFFX1)
 4                    38  MASTER    LE   IN     8826  + scan_clk              DU/reg_file/\reg_array_reg[5][9] (SDFFX1)
 4                    39  MASTER    LE   NI     8827  + scan_clk              DU/reg_file/\reg_array_reg[5][8] (SDFFX1)
 4                    40  MASTER    LE   IN     8828  + scan_clk              DU/reg_file/\reg_array_reg[5][7] (SDFFX1)
 4                    41  MASTER    LE   NI     8829  + scan_clk              DU/reg_file/\reg_array_reg[5][6] (SDFFX1)
 4                    42  MASTER    LE   IN     8830  + scan_clk              DU/reg_file/\reg_array_reg[5][5] (SDFFX1)
 4                    43  MASTER    LE   NI     8831  + scan_clk              DU/reg_file/\reg_array_reg[5][4] (SDFFX1)
 4                    44  MASTER    LE   IN     8832  + scan_clk              DU/reg_file/\reg_array_reg[5][3] (SDFFX1)
 4                    45  MASTER    LE   NI     8833  + scan_clk              DU/reg_file/\reg_array_reg[5][2] (SDFFX1)
 4                    46  MASTER    LE   IN     8834  + scan_clk              DU/reg_file/\reg_array_reg[5][1] (SDFFX1)
 4                    47  MASTER    LE   NI     8835  + scan_clk              DU/reg_file/\reg_array_reg[5][0] (SDFFX1)
 4                    48  MASTER    LE   IN     8836  + scan_clk              DU/reg_file/\reg_array_reg[4][15] (SDFFX1)
 4                    49  MASTER    LE   NI     8837  + scan_clk              DU/reg_file/\reg_array_reg[4][14] (SDFFX1)
 4                    50  MASTER    LE   IN     8838  + scan_clk              DU/reg_file/\reg_array_reg[4][13] (SDFFX1)
 4                    51  MASTER    LE   NI     8839  + scan_clk              DU/reg_file/\reg_array_reg[4][12] (SDFFX1)
 4                    52  MASTER    LE   IN     8840  + scan_clk              DU/reg_file/\reg_array_reg[4][11] (SDFFX1)
 4                    53  MASTER    LE   NI     8841  + scan_clk              DU/reg_file/\reg_array_reg[4][10] (SDFFX1)
 4                    54  MASTER    LE   IN     8842  + scan_clk              DU/reg_file/\reg_array_reg[4][9] (SDFFX1)
 4                    55  MASTER    LE   NI     8843  + scan_clk              DU/reg_file/\reg_array_reg[4][8] (SDFFX1)
 4                    56  MASTER    LE   IN     8844  + scan_clk              DU/reg_file/\reg_array_reg[4][7] (SDFFX1)
 4                    57  MASTER    LE   NI     8845  + scan_clk              DU/reg_file/\reg_array_reg[4][6] (SDFFX1)
 4                    58  MASTER    LE   IN     8846  + scan_clk              DU/reg_file/\reg_array_reg[4][5] (SDFFX1)
 4                    59  MASTER    LE   NI     8847  + scan_clk              DU/reg_file/\reg_array_reg[4][4] (SDFFX1)
 4                    60  MASTER    LE   IN     8848  + scan_clk              DU/reg_file/\reg_array_reg[4][3] (SDFFX1)
 4                    61  MASTER    LE   NI     8849  + scan_clk              DU/reg_file/\reg_array_reg[4][2] (SDFFX1)
 4                    62  MASTER    LE   IN     8850  + scan_clk              DU/reg_file/\reg_array_reg[4][1] (SDFFX1)
 4                    63  MASTER    LE   NI     8851  + scan_clk              DU/reg_file/\reg_array_reg[4][0] (SDFFX1)
 4                    64  MASTER    LE   IN     8852  + scan_clk              DU/reg_file/\reg_array_reg[3][15] (SDFFX1)
 4                    65  MASTER    LE   NI     8853  + scan_clk              DU/reg_file/\reg_array_reg[3][14] (SDFFX1)
 4                    66  MASTER    LE   IN     8854  + scan_clk              DU/reg_file/\reg_array_reg[3][13] (SDFFX1)
 4                    67  MASTER    LE   NI     8855  + scan_clk              DU/reg_file/\reg_array_reg[3][12] (SDFFX1)
 4                    68  MASTER    LE   IN     8856  + scan_clk              DU/reg_file/\reg_array_reg[3][11] (SDFFX1)
 4                    69  MASTER    LE   NI     8857  + scan_clk              DU/reg_file/\reg_array_reg[3][10] (SDFFX1)
 4                    70  MASTER    LE   IN     8858  + scan_clk              DU/reg_file/\reg_array_reg[3][9] (SDFFX1)
 4                    71  MASTER    LE   NI     8859  + scan_clk              DU/reg_file/\reg_array_reg[3][8] (SDFFX1)
 4                    72  MASTER    LE   IN     8860  + scan_clk              DU/reg_file/\reg_array_reg[3][7] (SDFFX1)
 4                    73  MASTER    LE   NI     8861  + scan_clk              DU/reg_file/\reg_array_reg[3][6] (SDFFX1)
 4                    74  MASTER    LE   IN     8862  + scan_clk              DU/reg_file/\reg_array_reg[3][5] (SDFFX1)
 4                    75  MASTER    LE   NI     8863  + scan_clk              DU/reg_file/\reg_array_reg[3][4] (SDFFX1)
 4                    76  MASTER    LE   IN     8864  + scan_clk              DU/reg_file/\reg_array_reg[3][3] (SDFFX1)
 4                    77  MASTER    LE   NI     8865  + scan_clk              DU/reg_file/\reg_array_reg[3][2] (SDFFX1)
 4                    78  MASTER    LE   IN     8866  + scan_clk              DU/reg_file/\reg_array_reg[3][1] (SDFFX1)
 4                    79  MASTER    LE   NI     8867  + scan_clk              DU/reg_file/\reg_array_reg[3][0] (SDFFX1)
 4                    80  MASTER    LE   IN     8868  + scan_clk              DU/reg_file/\reg_array_reg[2][15] (SDFFX1)
 4                    81  MASTER    LE   NI     8869  + scan_clk              DU/reg_file/\reg_array_reg[2][14] (SDFFX1)
 4                    82  MASTER    LE   IN     8870  + scan_clk              DU/reg_file/\reg_array_reg[2][13] (SDFFX1)
 4                    83  MASTER    LE   NI     8871  + scan_clk              DU/reg_file/\reg_array_reg[2][12] (SDFFX1)
 4                    84  MASTER    LE   IN     8872  + scan_clk              DU/reg_file/\reg_array_reg[2][11] (SDFFX1)
 4                    85  MASTER    LE   NI     8873  + scan_clk              DU/reg_file/\reg_array_reg[2][10] (SDFFX1)
 4                    86  MASTER    LE   IN     8874  + scan_clk              DU/reg_file/\reg_array_reg[2][9] (SDFFX1)
 4                    87  MASTER    LE   NI     8875  + scan_clk              DU/reg_file/\reg_array_reg[2][8] (SDFFX1)
 4                    88  MASTER    LE   IN     8876  + scan_clk              DU/reg_file/\reg_array_reg[2][7] (SDFFX1)
 4                    89  MASTER    LE   NI     8877  + scan_clk              DU/reg_file/\reg_array_reg[2][6] (SDFFX1)
