 Warning: Line 7766 (/home/vlsilab/Downloads/SAED90nm_EDK_10072017/SAED90nm_EDK_10072017/SAED90_EDK/SAED_EDK90nm/Digital_Standard_cell_Library/verilog/saed90nm.v), underspecified UDP (Expected "00.:." got "00t:?"). (N20-1)
 Warning: Undriven module output pin ( Risc_16_bit_DW01_add_width3/CO ). (B7-1)
 Warning: Undriven module output pin ( ALU_DW01_add_0_DW01_add_2/CO ). (B7-2)
 Warning: Undriven module output pin ( ALU_DW01_sub_0/CO ). (B7-3)
 Warning: Unconnected module input pin ( Risc_16_bit_DW01_add_width3/B[2] ). (B8-1)
 Warning: Unconnected module input pin ( Risc_16_bit_DW01_add_width3/B[1] ). (B8-2)
 Warning: Unconnected module input pin ( Risc_16_bit_DW01_add_width3/CI ). (B8-3)
 Warning: Unconnected module input pin ( Data_Memory_test_1/mem_access_addr[15] ). (B8-4)
 Warning: Unconnected module input pin ( Data_Memory_test_1/mem_access_addr[14] ). (B8-5)
 Warning: Unconnected module input pin ( Data_Memory_test_1/mem_access_addr[13] ). (B8-6)
 Warning: Unconnected module input pin ( Data_Memory_test_1/mem_access_addr[12] ). (B8-7)
 Warning: Unconnected module input pin ( Data_Memory_test_1/mem_access_addr[11] ). (B8-8)
 Warning: Unconnected module input pin ( Data_Memory_test_1/mem_access_addr[10] ). (B8-9)
 Warning: Unconnected module input pin ( Data_Memory_test_1/mem_access_addr[9] ). (B8-10)
 Warning: Unconnected module input pin ( Data_Memory_test_1/mem_access_addr[8] ). (B8-11)
 Warning: Unconnected module input pin ( Data_Memory_test_1/mem_access_addr[7] ). (B8-12)
 Warning: Unconnected module input pin ( Data_Memory_test_1/mem_access_addr[6] ). (B8-13)
 Warning: Unconnected module input pin ( Data_Memory_test_1/mem_access_addr[5] ). (B8-14)
 Warning: Unconnected module input pin ( Data_Memory_test_1/mem_access_addr[4] ). (B8-15)
 Warning: Unconnected module input pin ( Data_Memory_test_1/mem_access_addr[3] ). (B8-16)
 Warning: Unconnected module input pin ( ALU_DW01_add_0_DW01_add_2/CI ). (B8-17)
 Warning: Unconnected module input pin ( ALU_DW01_sub_0/CI ). (B8-18)
 Warning: Unconnected module input pin ( Instruction_Memory/pc[15] ). (B8-19)
 Warning: Unconnected module input pin ( Instruction_Memory/pc[14] ). (B8-20)
 Warning: Unconnected module input pin ( Instruction_Memory/pc[13] ). (B8-21)
 Warning: Unconnected module input pin ( Instruction_Memory/pc[12] ). (B8-22)
 Warning: Unconnected module input pin ( Instruction_Memory/pc[11] ). (B8-23)
 Warning: Unconnected module input pin ( Instruction_Memory/pc[10] ). (B8-24)
 Warning: Unconnected module input pin ( Instruction_Memory/pc[9] ). (B8-25)
 Warning: Unconnected module input pin ( Instruction_Memory/pc[8] ). (B8-26)
 Warning: Unconnected module input pin ( Instruction_Memory/pc[7] ). (B8-27)
 Warning: Unconnected module input pin ( Instruction_Memory/pc[6] ). (B8-28)
 Warning: Unconnected module input pin ( Instruction_Memory/pc[5] ). (B8-29)
 Warning: Unconnected module input pin ( Instruction_Memory/pc[4] ). (B8-30)
 Warning: Unconnected module input pin ( Instruction_Memory/pc[3] ). (B8-31)
 Warning: Unconnected module input pin ( Instruction_Memory/pc[2] ). (B8-32)
 Warning: Unconnected module input pin ( Instruction_Memory/pc[1] ). (B8-33)
 Warning: Unconnected module input pin ( Instruction_Memory/pc[0] ). (B8-34)
 Warning: Unconnected module input pin ( Datapath_Unit_test_1/beq ). (B8-35)
 Warning: Unconnected module input pin ( Datapath_Unit_test_1/reg_dst ). (B8-36)
 Warning: Unconnected module input pin ( Risc_16_bit/pll_bypass_2 ). (B8-37)
 Warning: Undriven module internal net ( ALU_DW01_add_0_DW01_add_2/carry[1] ). (B9-1)
 Warning: Undriven module internal net ( ALU_DW01_sub_0/carry[16] ). (B9-2)
 Warning: Undriven module internal net ( ALU_DW01_sub_0/carry[0] ). (B9-3)
 Warning: Undriven module internal net ( Datapath_Unit_test_1/pc_current[0] ). (B9-4)
 Warning: Undriven module internal net ( Datapath_Unit_test_1/instr[11] ). (B9-5)
 Warning: Undriven module internal net ( Datapath_Unit_test_1/instr[10] ). (B9-6)
 Warning: Undriven module internal net ( Datapath_Unit_test_1/instr[9] ). (B9-7)
 Warning: Undriven module internal net ( Datapath_Unit_test_1/instr[8] ). (B9-8)
 Warning: Undriven module internal net ( Datapath_Unit_test_1/instr[7] ). (B9-9)
 Warning: Undriven module internal net ( Datapath_Unit_test_1/instr[6] ). (B9-10)
 Warning: Undriven module internal net ( Datapath_Unit_test_1/instr[5] ). (B9-11)
 Warning: Undriven module internal net ( Datapath_Unit_test_1/instr[4] ). (B9-12)
 Warning: Undriven module internal net ( Datapath_Unit_test_1/instr[3] ). (B9-13)
 Warning: Undriven module internal net ( Datapath_Unit_test_1/instr[2] ). (B9-14)
 Warning: Undriven module internal net ( Datapath_Unit_test_1/instr[1] ). (B9-15)
 Warning: Undriven module internal net ( Datapath_Unit_test_1/instr[0] ). (B9-16)
 Warning: Undriven module internal net ( Datapath_Unit_test_1/PC_2beq[1] ). (B9-17)
 Warning: Unconnected module internal net ( DFFNX1/nD ). (B10-1)
 Warning: Unconnected module internal net ( DFFNX1/nCLK ). (B10-2)
 Warning: Unconnected module internal net ( DFFNX1/CLK_check ). (B10-3)
 Warning: Unconnected module internal net ( DFFNX1/D_check ). (B10-4)
 Warning: Unconnected module internal net ( DFFARX1/CLK_D ). (B10-5)
 Warning: Unconnected module internal net ( DFFARX1/CLK_nD ). (B10-6)
 Warning: Unconnected module internal net ( DFFARX1/nCLK_D ). (B10-7)
 Warning: Unconnected module internal net ( DFFARX1/nCLK_nD ). (B10-8)
 Warning: Unconnected module internal net ( DFFARX1/RSTB_D ). (B10-9)
 Warning: Unconnected module internal net ( DFFARX1/RSTB_nD ). (B10-10)
 Warning: Unconnected module internal net ( DFFARX1/CLK_check ). (B10-11)
 Warning: Unconnected module internal net ( DFFARX1/D_check ). (B10-12)
 Warning: Unconnected module internal net ( DFFNARX1/CLK_D ). (B10-13)
 Warning: Unconnected module internal net ( DFFNARX1/CLK_nD ). (B10-14)
 Warning: Unconnected module internal net ( DFFNARX1/nCLK_D ). (B10-15)
 Warning: Unconnected module internal net ( DFFNARX1/nCLK_nD ). (B10-16)
 Warning: Unconnected module internal net ( DFFNARX1/RSTB_D ). (B10-17)
 Warning: Unconnected module internal net ( DFFNARX1/RSTB_nD ). (B10-18)
 Warning: Unconnected module internal net ( DFFNARX1/CLK_check ). (B10-19)
 Warning: Unconnected module internal net ( DFFNARX1/D_check ). (B10-20)
 Warning: Unconnected module internal net ( Risc_16_bit_DFT_clk_control_0_0/SYNOPSYS_UNCONNECTED__0 ). (B10-21)
 Warning: Unconnected module internal net ( Risc_16_bit_DFT_clk_control_0_0/SYNOPSYS_UNCONNECTED__1 ). (B10-22)
 Warning: Unconnected module internal net ( Risc_16_bit_DFT_clk_control_0_0/SYNOPSYS_UNCONNECTED__2 ). (B10-23)
 Warning: Unconnected module internal net ( Risc_16_bit_DFT_clk_control_0_0/SYNOPSYS_UNCONNECTED__3 ). (B10-24)
 Warning: Unconnected module internal net ( SDFFX1/CLK_D ). (B10-25)
 Warning: Unconnected module internal net ( SDFFX1/CLK_nD ). (B10-26)
 Warning: Unconnected module internal net ( SDFFX1/nCLK_D ). (B10-27)
 Warning: Unconnected module internal net ( SDFFX1/nCLK_nD ). (B10-28)
 Warning: Unconnected module internal net ( SDFFX1/CLK_SE ). (B10-29)
 Warning: Unconnected module internal net ( SDFFX1/CLK_nSE ). (B10-30)
 Warning: Unconnected module internal net ( SDFFX1/nCLK_SI ). (B10-31)
 Warning: Unconnected module internal net ( SDFFX1/nCLK_nSI ). (B10-32)
 Warning: Unconnected module internal net ( SDFFX1/SI_D_SE ). (B10-33)
 Warning: Unconnected module internal net ( SDFFX1/SI_nD_SE ). (B10-34)
 Warning: Unconnected module internal net ( SDFFX1/CLK_check ). (B10-35)
 Warning: Unconnected module internal net ( SDFFX1/D_check ). (B10-36)
 Warning: Unconnected module internal net ( ALU_DW01_add_0_DW01_add_2/carry[1] ). (B10-37)
 Warning: Unconnected module internal net ( ALU_DW01_sub_0/carry[16] ). (B10-38)
 Warning: Unconnected module internal net ( ALU_DW01_sub_0/carry[0] ). (B10-39)
 Warning: Unconnected module internal net ( Datapath_Unit_test_1/pc_current[0] ). (B10-40)
 Warning: Unconnected module internal net ( Datapath_Unit_test_1/instr[11] ). (B10-41)
 Warning: Unconnected module internal net ( Datapath_Unit_test_1/instr[10] ). (B10-42)
 Warning: Unconnected module internal net ( Datapath_Unit_test_1/instr[9] ). (B10-43)
 Warning: Unconnected module internal net ( Datapath_Unit_test_1/instr[8] ). (B10-44)
 Warning: Unconnected module internal net ( Datapath_Unit_test_1/instr[7] ). (B10-45)
 Warning: Unconnected module internal net ( Datapath_Unit_test_1/instr[6] ). (B10-46)
 Warning: Unconnected module internal net ( Datapath_Unit_test_1/instr[5] ). (B10-47)
 Warning: Unconnected module internal net ( Datapath_Unit_test_1/instr[4] ). (B10-48)
 Warning: Unconnected module internal net ( Datapath_Unit_test_1/instr[3] ). (B10-49)
 Warning: Unconnected module internal net ( Datapath_Unit_test_1/instr[2] ). (B10-50)
 Warning: Unconnected module internal net ( Datapath_Unit_test_1/instr[1] ). (B10-51)
 Warning: Unconnected module internal net ( Datapath_Unit_test_1/instr[0] ). (B10-52)
 Warning: Unconnected module internal net ( Datapath_Unit_test_1/PC_2beq[1] ). (B10-53)
 Warning: Nonscan DFF occ_snps_pll_controller/U_clk_control_i_0/U_cycle_ctr_i/\count_int_reg[0] (9044) disturbed during time 45 of shift procedure. (S19-1)
 Warning: Nonscan DFF occ_snps_pll_controller/U_clk_control_i_0/U_cycle_ctr_i/\count_int_reg[1] (9045) disturbed during time 45 of shift procedure. (S19-2)
 Warning: Nonscan DFF occ_snps_pll_controller/U_clk_control_i_0/U_cycle_ctr_i/\count_int_reg[2] (9046) disturbed during time 45 of shift procedure. (S19-3)
 Warning: Nonscan DFF occ_snps_pll_controller/U_clk_control_i_0/U_cycle_ctr_i/tercnt_n_reg_reg (9047) disturbed during time 45 of shift procedure. (S19-4)
 Warning: Nonscan DFF occ_snps_pll_controller/U_clk_control_i_0/pipeline_or_tree_l_reg (9048) disturbed during time 45 of shift procedure. (S19-5)
 Warning: Nonscan DFF occ_snps_pll_controller/U_clk_control_i_0/load_n_meta_0_l_reg (9051) disturbed during time 45 of shift procedure. (S19-6)
 Warning: Nonscan DFF occ_snps_pll_controller/U_clk_control_i_0/load_n_meta_1_l_reg (9052) disturbed during time 45 of shift procedure. (S19-7)
 Warning: Nonscan DFF occ_snps_pll_controller/U_clk_control_i_0/load_n_meta_2_l_reg (9053) disturbed during time 45 of shift procedure. (S19-8)
 Warning: Nonscan DFF occ_snps_pll_controller/U_clk_control_i_0/fast_clk_enable_l_reg (9049) disturbed during time 95 of shift procedure. (S19-9)
 Warning: Nonscan DFF occ_snps_pll_controller/U_clk_control_i_0/slow_clk_enable_l_reg (9050) disturbed during time 95 of shift procedure. (S19-10)
 Warning: Clock clk can capture new data on TE input 2 of DFF occ_snps_pll_controller/U_clk_control_i_0/fast_clk_enable_l_reg (9049). (C6-1)
 Warning:          Source of violation: input 2 of DFF occ_snps_pll_controller/U_clk_control_i_0/pipeline_or_tree_l_reg (9048).
 Warning: Line 404 (/home/vlsilab/sagar_harsh_soham/RISC/SYN/SPF/Risc_16_bitnetlist_Internal_scan.spf), repeated entry (Replacing PatternExec "Internal_scan"). (V11-1)
