 Patn   Pattern          Cycle  Load   Observe  Clocks
 num    type             count  count  proc     used
 -----  ---------------  -----  -----  -------  -----------------------
 0      basic_scan        1/0   1      -        -
 1      fast_sequential   2/2   1      -        scan_clk scan_clk
 2      fast_sequential   2/2   1      -        scan_clk scan_clk
 3      fast_sequential   2/2   1      -        scan_clk scan_clk
 4      fast_sequential   2/2   1      -        scan_clk scan_clk
 5      fast_sequential   2/2   1      -        scan_clk scan_clk
 6      fast_sequential   2/2   1      -        scan_clk scan_clk
 7      fast_sequential   2/2   1      -        scan_clk scan_clk
 8      fast_sequential   2/2   1      -        scan_clk scan_clk
 9      fast_sequential   2/2   1      -        scan_clk scan_clk
 10     fast_sequential   2/2   1      -        scan_clk scan_clk
 11     fast_sequential   2/2   1      -        scan_clk scan_clk
 12     fast_sequential   2/2   1      -        scan_clk scan_clk
 13     fast_sequential   2/2   1      -        scan_clk scan_clk
 14     fast_sequential   2/2   1      -        scan_clk scan_clk
 15     fast_sequential   2/2   1      -        scan_clk scan_clk
 16     fast_sequential   2/2   1      -        scan_clk scan_clk
 17     fast_sequential   2/2   1      -        scan_clk scan_clk
 18     fast_sequential   2/2   1      -        scan_clk scan_clk
 19     fast_sequential   2/2   1      -        scan_clk scan_clk
 20     fast_sequential   2/2   1      -        scan_clk scan_clk
 21     fast_sequential   2/2   1      -        scan_clk scan_clk
 22     fast_sequential   2/2   1      -        scan_clk scan_clk
 23     fast_sequential   2/2   1      -        scan_clk scan_clk
 24     fast_sequential   2/2   1      -        scan_clk scan_clk
 25     fast_sequential   2/2   1      -        scan_clk scan_clk
 26     fast_sequential   2/2   1      -        scan_clk scan_clk
 27     fast_sequential   2/2   1      -        scan_clk scan_clk
 28     fast_sequential   2/2   1      -        scan_clk scan_clk
 29     fast_sequential   2/2   1      -        scan_clk scan_clk
 30     fast_sequential   2/2   1      -        scan_clk scan_clk
 31     fast_sequential   2/2   1      -        scan_clk scan_clk
 32     fast_sequential   2/2   1      -        scan_clk scan_clk
 33     fast_sequential   2/2   1      -        scan_clk scan_clk
 34     fast_sequential   2/2   1      -        scan_clk scan_clk
 35     fast_sequential   2/2   1      -        scan_clk scan_clk
 36     fast_sequential   2/2   1      -        scan_clk scan_clk
 37     fast_sequential   2/2   1      -        scan_clk scan_clk
 38     fast_sequential   2/2   1      -        scan_clk scan_clk
 39     fast_sequential   2/2   1      -        scan_clk scan_clk
 40     fast_sequential   2/2   1      -        scan_clk scan_clk
 41     fast_sequential   2/2   1      -        scan_clk scan_clk
 42     fast_sequential   2/2   1      -        scan_clk scan_clk
 43     fast_sequential   2/2   1      -        scan_clk scan_clk
 44     fast_sequential   2/2   1      -        scan_clk scan_clk
 45     fast_sequential   2/2   1      -        scan_clk scan_clk
 46     fast_sequential   2/2   1      -        scan_clk scan_clk
 47     fast_sequential   2/2   1      -        scan_clk scan_clk
 48     fast_sequential   2/2   1      -        scan_clk scan_clk
 49     fast_sequential   2/2   1      -        scan_clk scan_clk
 50     fast_sequential   2/2   1      -        scan_clk scan_clk
 51     fast_sequential   2/2   1      -        scan_clk scan_clk
 52     fast_sequential   2/2   1      -        scan_clk scan_clk
 53     fast_sequential   2/2   1      -        scan_clk scan_clk
 54     fast_sequential   2/2   1      -        scan_clk scan_clk
 55     fast_sequential   2/2   1      -        scan_clk scan_clk
 56     fast_sequential   2/2   1      -        scan_clk scan_clk
 57     fast_sequential   2/2   1      -        scan_clk scan_clk
 58     fast_sequential   2/2   1      -        scan_clk scan_clk
 59     fast_sequential   2/2   1      -        scan_clk scan_clk
 60     fast_sequential   2/2   1      -        scan_clk scan_clk
 61     fast_sequential   2/2   1      -        scan_clk scan_clk
 62     fast_sequential   2/2   1      -        scan_clk scan_clk
 63     fast_sequential   2/2   1      -        scan_clk scan_clk
 64     fast_sequential   2/2   1      -        scan_clk scan_clk
 65     fast_sequential   2/2   1      -        scan_clk scan_clk
 66     fast_sequential   2/2   1      -        scan_clk scan_clk
 67     fast_sequential   2/2   1      -        scan_clk scan_clk
 68     fast_sequential   2/2   1      -        scan_clk scan_clk
