 chain             group  #LE/#TE/#LS  input_pin           output_pin          clocks
 ----------------  -----  -----------  ------------------  ------------------  ------------------
 1                 sg0    6/0/0        TEST_SI1            TEST_SO1            clk  scan_clk
 2                 sg0    0/4/0        TEST_SI2            TEST_SO2            clk  scan_clk
 3                 sg0    6/0/0        TEST_SI3            TEST_SO3            clk  scan_clk
 4                 sg0    6/0/0        TEST_SI4            TEST_SO4            clk  scan_clk
 5                 sg0    6/0/0        test_si5            test_so5            clk  scan_clk
 6                 sg0    6/0/0        test_si6            test_so6            clk  scan_clk
 7                 sg0    6/0/0        test_si7            test_so7            clk  scan_clk
 8                 sg0    6/0/0        test_si8            test_so8            clk  scan_clk
 9                 sg0    6/0/0        test_si9            test_so9            clk  scan_clk
 10                sg0    6/0/0        test_si10           test_so10           clk  scan_clk
 11                sg0    6/0/0        test_si11           test_so11           clk  scan_clk
 12                sg0    6/0/0        test_si12           test_so12           clk  scan_clk
 13                sg0    6/0/0        test_si13           test_so13           clk  scan_clk
 14                sg0    6/0/0        test_si14           test_so14           clk  scan_clk
 15                sg0    6/0/0        test_si15           test_so15           clk  scan_clk
 16                sg0    6/0/0        test_si16           test_so16           clk  scan_clk
 17                sg0    6/0/0        test_si17           test_so17           clk  scan_clk
 18                sg0    6/0/0        test_si18           test_so18           clk  scan_clk
 19                sg0    6/0/0        test_si19           test_so19           clk  scan_clk
 20                sg0    6/0/0        test_si20           test_so20           clk  scan_clk
 21                sg0    6/0/0        test_si21           test_so21           clk  scan_clk
 22                sg0    6/0/0        test_si22           test_so22           clk  scan_clk
 23                sg0    6/0/0        test_si23           test_so23           clk  scan_clk
 24                sg0    6/0/0        test_si24           test_so24           clk  scan_clk
 25                sg0    6/0/0        test_si25           test_so25           clk  scan_clk
 26                sg0    6/0/0        test_si26           test_so26           clk  scan_clk
 27                sg0    6/0/0        test_si27           test_so27           clk  scan_clk
 28                sg0    6/0/0        test_si28           test_so28           clk  scan_clk
 29                sg0    6/0/0        test_si29           test_so29           clk  scan_clk
 30                sg0    6/0/0        test_si30           test_so30           clk  scan_clk
 31                sg0    6/0/0        test_si31           test_so31           clk  scan_clk
 32                sg0    6/0/0        test_si32           test_so32           clk  scan_clk
 33                sg0    6/0/0        test_si33           test_so33           clk  scan_clk
 34                sg0    6/0/0        test_si34           test_so34           clk  scan_clk
 35                sg0    6/0/0        test_si35           test_so35           clk  scan_clk
 36                sg0    6/0/0        test_si36           test_so36           clk  scan_clk
 37                sg0    6/0/0        test_si37           test_so37           clk  scan_clk
 38                sg0    6/0/0        test_si38           test_so38           clk  scan_clk
 39                sg0    6/0/0        test_si39           test_so39           clk  scan_clk
 40                sg0    6/0/0        test_si40           test_so40           clk  scan_clk
 41                sg0    6/0/0        test_si41           test_so41           clk  scan_clk
 42                sg0    6/0/0        test_si42           test_so42           clk  scan_clk
 43                sg0    6/0/0        test_si43           test_so43           clk  scan_clk
 44                sg0    5/0/0        test_si44           test_so44           clk  scan_clk
 45                sg0    5/0/0        test_si45           test_so45           clk  scan_clk
 46                sg0    5/0/0        test_si46           test_so46           clk  scan_clk
 47                sg0    5/0/0        test_si47           test_so47           clk  scan_clk
