 #faults          #DT(#DS/#DI)          #PT(#AP/#NP)  #UD(#UU/#UO/#UT/#UB/#UR)     #AU          #ND(#NC/#NO)  testcov  instance name (type)
 ------- --------------------- --------------------- ------------------------- ------- ---------------------  -------  -----------------------
   12320       4756(3448/1308)                0(0/0) 7295(162/4/3646/3250/233)     202              67(0/67)   94.65%  /  (top_module)
   11728       4518(3430/1088)                0(0/0) 7139(104/0/3560/3242/233)       4              67(0/67)   98.45%     /DU  (Datapath_Unit_test_1)
    4158        1533(1021/512)                0(0/0)  2601(34/0/1381/1105/81)       1              23(0/23)   98.46%        /DU/reg_file  (GPRs_test_1)
    3168              45(45/0)                0(0/0)  3076(0/0/1194/1730/152)       3              44(0/44)   48.91%        /DU/alu_unit  (ALU)
     224                0(0/0)                0(0/0)        224(0/0/77/147/0)       0                0(0/0)    0.00%           /DU/alu_unit/sub_17  (ALU_DW01_sub_0)
     160              11(11/0)                0(0/0)         141(0/0/94/2/45)       1                7(0/7)   57.89%           /DU/alu_unit/add_16  (ALU_DW01_add_0_DW01_add_2)
    3400        2474(1962/512)                0(0/0)       926(6/0/628/292/0)       0                0(0/0)  100.00%        /DU/dm  (Data_Memory_test_1)
     250                0(0/0)                0(0/0)           52(50/0/2/0/0)     198                0(0/0)    0.00%     /occ_snps_pll_controller  (Risc_16_bit_DFT_clk_mux_0)
     248                0(0/0)                0(0/0)           50(50/0/0/0/0)     198                0(0/0)    0.00%        /occ_snps_pll_controller/U_clk_control_i_0  (Risc_16_bit_DFT_clk_control_0_0)
