 Warning: Undriven module output pin ( aes_DW01_add_width3/CO ). (B7-1)
 Warning: Unconnected module input pin ( aes_DW01_add_width3/B[2] ). (B8-1)
 Warning: Unconnected module input pin ( aes_DW01_add_width3/B[1] ). (B8-2)
 Warning: Unconnected module input pin ( aes_DW01_add_width3/CI ). (B8-3)
 Warning: Unconnected module input pin ( aes/internal_pll_bypass ). (B8-4)
 Warning: Undriven module internal net ( aes_key_mem_test_1/key_mem_ctrl_reg[2] ). (B9-1)
 Warning: Unconnected module internal net ( DFFNX1/nD ). (B10-1)
 Warning: Unconnected module internal net ( DFFNX1/nCLK ). (B10-2)
 Warning: Unconnected module internal net ( DFFNX1/CLK_check ). (B10-3)
 Warning: Unconnected module internal net ( DFFNX1/D_check ). (B10-4)
 Warning: Unconnected module internal net ( DFFARX1/CLK_D ). (B10-5)
 Warning: Unconnected module internal net ( DFFARX1/CLK_nD ). (B10-6)
 Warning: Unconnected module internal net ( DFFARX1/nCLK_D ). (B10-7)
 Warning: Unconnected module internal net ( DFFARX1/nCLK_nD ). (B10-8)
 Warning: Unconnected module internal net ( DFFARX1/RSTB_D ). (B10-9)
 Warning: Unconnected module internal net ( DFFARX1/RSTB_nD ). (B10-10)
 Warning: Unconnected module internal net ( DFFARX1/CLK_check ). (B10-11)
 Warning: Unconnected module internal net ( DFFARX1/D_check ). (B10-12)
 Warning: Unconnected module internal net ( DFFNARX1/CLK_D ). (B10-13)
 Warning: Unconnected module internal net ( DFFNARX1/CLK_nD ). (B10-14)
 Warning: Unconnected module internal net ( DFFNARX1/nCLK_D ). (B10-15)
 Warning: Unconnected module internal net ( DFFNARX1/nCLK_nD ). (B10-16)
 Warning: Unconnected module internal net ( DFFNARX1/RSTB_D ). (B10-17)
 Warning: Unconnected module internal net ( DFFNARX1/RSTB_nD ). (B10-18)
 Warning: Unconnected module internal net ( DFFNARX1/CLK_check ). (B10-19)
 Warning: Unconnected module internal net ( DFFNARX1/D_check ). (B10-20)
 Warning: Unconnected module internal net ( aes_DFT_clk_control_0_0/SYNOPSYS_UNCONNECTED__0 ). (B10-21)
 Warning: Unconnected module internal net ( aes_DFT_clk_control_0_0/SYNOPSYS_UNCONNECTED__1 ). (B10-22)
 Warning: Unconnected module internal net ( aes_DFT_clk_control_0_0/SYNOPSYS_UNCONNECTED__2 ). (B10-23)
 Warning: Unconnected module internal net ( aes_DFT_clk_control_0_0/SYNOPSYS_UNCONNECTED__3 ). (B10-24)
 Warning: Unconnected module internal net ( SDFFARX1/CLK_D ). (B10-25)
 Warning: Unconnected module internal net ( SDFFARX1/CLK_nD ). (B10-26)
 Warning: Unconnected module internal net ( SDFFARX1/nCLK_D ). (B10-27)
 Warning: Unconnected module internal net ( SDFFARX1/nCLK_nD ). (B10-28)
 Warning: Unconnected module internal net ( SDFFARX1/RSTB_D ). (B10-29)
 Warning: Unconnected module internal net ( SDFFARX1/RSTB_nD ). (B10-30)
 Warning: Unconnected module internal net ( SDFFARX1/CLK_SE ). (B10-31)
 Warning: Unconnected module internal net ( SDFFARX1/CLK_nSE ). (B10-32)
 Warning: Unconnected module internal net ( SDFFARX1/nCLK_SI ). (B10-33)
 Warning: Unconnected module internal net ( SDFFARX1/nCLK_nSI ). (B10-34)
 Warning: Unconnected module internal net ( SDFFARX1/SI_D_SE ). (B10-35)
 Warning: Unconnected module internal net ( SDFFARX1/SI_nD_SE ). (B10-36)
 Warning: Unconnected module internal net ( SDFFARX1/CLK_check ). (B10-37)
 Warning: Unconnected module internal net ( SDFFARX1/D_check ). (B10-38)
 Warning: Unconnected module internal net ( aes_key_mem_test_1/key_mem_ctrl_reg[2] ). (B10-39)
 Warning: Unconnected module internal net ( SDFFASX1/CLK_D ). (B10-40)
 Warning: Unconnected module internal net ( SDFFASX1/CLK_nD ). (B10-41)
 Warning: Unconnected module internal net ( SDFFASX1/nCLK_D ). (B10-42)
 Warning: Unconnected module internal net ( SDFFASX1/nCLK_nD ). (B10-43)
 Warning: Unconnected module internal net ( SDFFASX1/SETB_D ). (B10-44)
 Warning: Unconnected module internal net ( SDFFASX1/SETB_nD ). (B10-45)
 Warning: Unconnected module internal net ( SDFFASX1/CLK_SE ). (B10-46)
 Warning: Unconnected module internal net ( SDFFASX1/CLK_nSE ). (B10-47)
 Warning: Unconnected module internal net ( SDFFASX1/nCLK_SI ). (B10-48)
 Warning: Unconnected module internal net ( SDFFASX1/nCLK_nSI ). (B10-49)
 Warning: Unconnected module internal net ( SDFFASX1/SI_D_SE ). (B10-50)
 Warning: Unconnected module internal net ( SDFFASX1/SI_nD_SE ). (B10-51)
 Warning: Unconnected module internal net ( SDFFASX1/CLK_check ). (B10-52)
 Warning: Unconnected module internal net ( SDFFASX1/D_check ). (B10-53)
 Warning: Nonscan DFF occ_snps_pll_controller/U_clk_control_i_0/U_cycle_ctr_i/\count_int_reg[0] (103767) disturbed during time 45 of shift procedure. (S19-1)
 Warning: Nonscan DFF occ_snps_pll_controller/U_clk_control_i_0/U_cycle_ctr_i/\count_int_reg[1] (103768) disturbed during time 45 of shift procedure. (S19-2)
 Warning: Nonscan DFF occ_snps_pll_controller/U_clk_control_i_0/U_cycle_ctr_i/\count_int_reg[2] (103769) disturbed during time 45 of shift procedure. (S19-3)
 Warning: Nonscan DFF occ_snps_pll_controller/U_clk_control_i_0/U_cycle_ctr_i/tercnt_n_reg_reg (103770) disturbed during time 45 of shift procedure. (S19-4)
 Warning: Nonscan DFF occ_snps_pll_controller/U_clk_control_i_0/pipeline_or_tree_l_reg (103771) disturbed during time 45 of shift procedure. (S19-5)
 Warning: Nonscan DFF occ_snps_pll_controller/U_clk_control_i_0/load_n_meta_0_l_reg (103774) disturbed during time 45 of shift procedure. (S19-6)
 Warning: Nonscan DFF occ_snps_pll_controller/U_clk_control_i_0/load_n_meta_1_l_reg (103775) disturbed during time 45 of shift procedure. (S19-7)
 Warning: Nonscan DFF occ_snps_pll_controller/U_clk_control_i_0/load_n_meta_2_l_reg (103776) disturbed during time 45 of shift procedure. (S19-8)
 Warning: Nonscan DFF occ_snps_pll_controller/U_clk_control_i_0/fast_clk_enable_l_reg (103772) disturbed during time 95 of shift procedure. (S19-9)
 Warning: Nonscan DFF occ_snps_pll_controller/U_clk_control_i_0/slow_clk_enable_l_reg (103773) disturbed during time 95 of shift procedure. (S19-10)
 Warning: Clock clk can capture new data on TE input 2 of DFF occ_snps_pll_controller/U_clk_control_i_0/fast_clk_enable_l_reg (103772). (C6-1)
 Warning:          Source of violation: input 2 of DFF occ_snps_pll_controller/U_clk_control_i_0/pipeline_or_tree_l_reg (103771).
 Warning: Line 550 (/home/vlsilab/sagar_harsh_soham/aes-master/src/SYN/SPF/aesnetlist_Internal_scan.spf), repeated entry (Replacing PatternExec "Internal_scan"). (V11-1)
