 Patn   Pattern          Cycle  Load   Observe  Clocks
 num    type             count  count  proc     used
 -----  ---------------  -----  -----  -------  -----------------------
 0      basic_scan        1/0   1      -        -
 1      basic_scan        1/1   1      -        scan_clk
 2      basic_scan        1/1   1      -        scan_clk
 3      basic_scan        1/1   1      -        scan_clk
 4      basic_scan        1/1   1      -        scan_clk
 5      basic_scan        1/1   1      -        scan_clk
 6      basic_scan        1/1   1      -        scan_clk
 7      basic_scan        1/1   1      -        clk,reset_n
 8      basic_scan        1/1   1      -        scan_clk
 9      basic_scan        1/1   1      -        scan_clk
 10     basic_scan        1/1   1      -        scan_clk
 11     basic_scan        1/1   1      -        scan_clk
 12     basic_scan        1/1   1      -        scan_clk
 13     basic_scan        1/1   1      -        scan_clk
 14     basic_scan        1/1   1      -        scan_clk
 15     basic_scan        1/1   1      -        scan_clk
 16     basic_scan        1/1   1      -        clk,reset_n
 17     basic_scan        1/1   1      -        scan_clk
 18     basic_scan        1/1   1      -        scan_clk
 19     basic_scan        1/1   1      -        scan_clk
 20     basic_scan        1/1   1      -        scan_clk
 21     basic_scan        1/1   1      -        scan_clk
 22     basic_scan        1/1   1      -        clk,reset_n
 23     basic_scan        1/1   1      -        clk,reset_n
 24     basic_scan        1/1   1      -        clk,reset_n
 25     basic_scan        1/1   1      -        clk,reset_n
 26     basic_scan        1/1   1      -        clk,reset_n
 27     basic_scan        1/1   1      -        clk,reset_n
 28     basic_scan        1/1   1      -        clk,reset_n
 29     basic_scan        1/1   1      -        clk,reset_n
 30     basic_scan        1/1   1      -        clk,reset_n
 31     basic_scan        1/1   1      -        scan_clk
 32     basic_scan        1/1   1      -        scan_clk
 33     basic_scan        1/1   1      -        scan_clk
 34     basic_scan        1/1   1      -        scan_clk
 35     basic_scan        1/1   1      -        scan_clk
 36     basic_scan        1/1   1      -        scan_clk
 37     basic_scan        1/1   1      -        scan_clk
 38     basic_scan        1/1   1      -        scan_clk
 39     basic_scan        1/1   1      -        scan_clk
 40     basic_scan        1/1   1      -        scan_clk
 41     basic_scan        1/1   1      -        scan_clk
 42     basic_scan        1/1   1      -        scan_clk
 43     basic_scan        1/1   1      -        scan_clk
 44     basic_scan        1/1   1      -        scan_clk
 45     basic_scan        1/1   1      -        scan_clk
 46     basic_scan        1/1   1      -        scan_clk
 47     basic_scan        1/1   1      -        scan_clk
 48     basic_scan        1/1   1      -        scan_clk
 49     basic_scan        1/1   1      -        scan_clk
 50     basic_scan        1/1   1      -        scan_clk
 51     basic_scan        1/1   1      -        scan_clk
 52     basic_scan        1/1   1      -        scan_clk
 53     basic_scan        1/1   1      -        scan_clk
 54     basic_scan        1/1   1      -        scan_clk
 55     basic_scan        1/1   1      -        scan_clk
 56     basic_scan        1/1   1      -        scan_clk
 57     basic_scan        1/1   1      -        scan_clk
 58     basic_scan        1/1   1      -        scan_clk
 59     basic_scan        1/1   1      -        scan_clk
 60     basic_scan        1/1   1      -        scan_clk
 61     basic_scan        1/1   1      -        scan_clk
 62     basic_scan        1/1   1      -        scan_clk
 63     basic_scan        1/1   1      -        scan_clk
 64     basic_scan        1/1   1      -        scan_clk
 65     basic_scan        1/1   1      -        scan_clk
 66     basic_scan        1/1   1      -        scan_clk
 67     basic_scan        1/1   1      -        scan_clk
 68     basic_scan        1/1   1      -        scan_clk
 69     basic_scan        1/1   1      -        scan_clk
 70     basic_scan        1/1   1      -        scan_clk
 71     basic_scan        1/1   1      -        scan_clk
 72     basic_scan        1/1   1      -        scan_clk
 73     basic_scan        1/1   1      -        scan_clk
 74     basic_scan        1/1   1      -        scan_clk
 75     basic_scan        1/1   1      -        scan_clk
 76     basic_scan        1/1   1      -        scan_clk
 77     basic_scan        1/1   1      -        scan_clk
 78     basic_scan        1/1   1      -        scan_clk
 79     basic_scan        1/1   1      -        scan_clk
 80     basic_scan        1/1   1      -        scan_clk
 81     basic_scan        1/1   1      -        scan_clk
 82     basic_scan        1/1   1      -        scan_clk
 83     basic_scan        1/1   1      -        scan_clk
 84     basic_scan        1/1   1      -        scan_clk
 85     basic_scan        1/1   1      -        scan_clk
 86     basic_scan        1/1   1      -        scan_clk
 87     basic_scan        1/1   1      -        scan_clk
 88     basic_scan        1/1   1      -        scan_clk
 89     basic_scan        1/1   1      -        scan_clk
 90     basic_scan        1/1   1      -        scan_clk
 91     basic_scan        1/1   1      -        scan_clk
 92     basic_scan        1/1   1      -        scan_clk
 93     basic_scan        1/1   1      -        scan_clk
 94     basic_scan        1/1   1      -        scan_clk
 95     basic_scan        1/1   1      -        scan_clk
 96     basic_scan        1/1   1      -        scan_clk
 97     basic_scan        1/1   1      -        scan_clk
 98     basic_scan        1/1   1      -        scan_clk
 99     basic_scan        1/1   1      -        scan_clk
 100    basic_scan        1/1   1      -        scan_clk
 101    basic_scan        1/1   1      -        scan_clk
 102    basic_scan        1/1   1      -        scan_clk
 103    basic_scan        1/1   1      -        scan_clk
 104    basic_scan        1/1   1      -        scan_clk
 105    basic_scan        1/1   1      -        scan_clk
 106    basic_scan        1/1   1      -        scan_clk
 107    basic_scan        1/1   1      -        scan_clk
 108    basic_scan        1/1   1      -        scan_clk
 109    basic_scan        1/1   1      -        scan_clk
 110    basic_scan        1/1   1      -        scan_clk
 111    basic_scan        1/1   1      -        scan_clk
 112    basic_scan        1/1   1      -        scan_clk
 113    basic_scan        1/1   1      -        scan_clk
 114    basic_scan        1/1   1      -        scan_clk
 115    basic_scan        1/1   1      -        scan_clk
 116    basic_scan        1/1   1      -        scan_clk
 117    basic_scan        1/1   1      -        scan_clk
 118    basic_scan        1/1   1      -        scan_clk
 119    basic_scan        1/1   1      -        scan_clk
 120    basic_scan        1/1   1      -        scan_clk
 121    basic_scan        1/1   1      -        scan_clk
 122    basic_scan        1/1   1      -        scan_clk
 123    basic_scan        1/1   1      -        scan_clk
 124    basic_scan        1/1   1      -        scan_clk
 125    basic_scan        1/1   1      -        scan_clk
 126    basic_scan        1/1   1      -        scan_clk
 127    basic_scan        1/1   1      -        scan_clk
 128    basic_scan        1/1   1      -        scan_clk
 129    basic_scan        1/1   1      -        scan_clk
 130    basic_scan        1/1   1      -        scan_clk
 131    basic_scan        1/1   1      -        scan_clk
 132    basic_scan        1/1   1      -        scan_clk
 133    basic_scan        1/1   1      -        scan_clk
 134    basic_scan        1/1   1      -        scan_clk
 135    basic_scan        1/1   1      -        clk,reset_n
 136    basic_scan        1/1   1      -        scan_clk
 137    basic_scan        1/1   1      -        scan_clk
 138    basic_scan        1/1   1      -        scan_clk
 139    basic_scan        1/1   1      -        scan_clk
 140    basic_scan        1/1   1      -        scan_clk
 141    basic_scan        1/1   1      -        scan_clk
 142    basic_scan        1/1   1      -        scan_clk
 143    basic_scan        1/1   1      -        scan_clk
 144    basic_scan        1/1   1      -        scan_clk
 145    basic_scan        1/1   1      -        scan_clk
 146    basic_scan        1/1   1      -        scan_clk
 147    basic_scan        1/1   1      -        scan_clk
 148    basic_scan        1/1   1      -        scan_clk
 149    basic_scan        1/1   1      -        scan_clk
 150    basic_scan        1/1   1      -        clk,reset_n
 151    basic_scan        1/1   1      -        scan_clk
 152    basic_scan        1/1   1      -        scan_clk
 153    basic_scan        1/1   1      -        scan_clk
 154    basic_scan        1/1   1      -        scan_clk
 155    basic_scan        1/1   1      -        scan_clk
 156    basic_scan        1/1   1      -        scan_clk
 157    basic_scan        1/1   1      -        scan_clk
 158    basic_scan        1/1   1      -        scan_clk
 159    basic_scan        1/1   1      -        scan_clk
 160    basic_scan        1/1   1      -        scan_clk
 161    basic_scan        1/1   1      -        scan_clk
 162    basic_scan        1/1   1      -        scan_clk
 163    basic_scan        1/1   1      -        scan_clk
 164    basic_scan        1/1   1      -        scan_clk
 165    basic_scan        1/1   1      -        scan_clk
 166    basic_scan        1/1   1      -        scan_clk
 167    basic_scan        1/1   1      -        scan_clk
 168    basic_scan        1/1   1      -        scan_clk
 169    basic_scan        1/1   1      -        scan_clk
 170    basic_scan        1/1   1      -        scan_clk
 171    basic_scan        1/1   1      -        scan_clk
 172    basic_scan        1/1   1      -        scan_clk
 173    basic_scan        1/1   1      -        scan_clk
 174    basic_scan        1/1   1      -        scan_clk
 175    basic_scan        1/1   1      -        scan_clk
 176    basic_scan        1/1   1      -        scan_clk
 177    basic_scan        1/1   1      -        scan_clk
 178    basic_scan        1/1   1      -        scan_clk
 179    basic_scan        1/1   1      -        scan_clk
 180    basic_scan        1/1   1      -        scan_clk
 181    basic_scan        1/1   1      -        scan_clk
 182    basic_scan        1/1   1      -        scan_clk
 183    basic_scan        1/1   1      -        scan_clk
 184    basic_scan        1/1   1      -        scan_clk
 185    basic_scan        1/1   1      -        scan_clk
 186    basic_scan        1/1   1      -        scan_clk
 187    basic_scan        1/1   1      -        scan_clk
 188    basic_scan        1/1   1      -        scan_clk
 189    basic_scan        1/1   1      -        scan_clk
 190    basic_scan        1/1   1      -        scan_clk
 191    basic_scan        1/1   1      -        scan_clk
 192    basic_scan        1/1   1      -        scan_clk
 193    basic_scan        1/1   1      -        scan_clk
 194    basic_scan        1/1   1      -        scan_clk
 195    basic_scan        1/1   1      -        scan_clk
 196    basic_scan        1/1   1      -        scan_clk
 197    basic_scan        1/1   1      -        scan_clk
 198    basic_scan        1/1   1      -        scan_clk
 199    basic_scan        1/1   1      -        scan_clk
 200    basic_scan        1/1   1      -        scan_clk
 201    basic_scan        1/1   1      -        scan_clk
 202    basic_scan        1/1   1      -        scan_clk
 203    basic_scan        1/1   1      -        scan_clk
 204    basic_scan        1/1   1      -        scan_clk
 205    basic_scan        1/1   1      -        scan_clk
 206    basic_scan        1/1   1      -        clk,reset_n
 207    basic_scan        1/1   1      -        clk,reset_n
 208    basic_scan        1/1   1      -        clk,reset_n
 209    basic_scan        1/1   1      -        scan_clk
 210    basic_scan        1/1   1      -        scan_clk
 211    basic_scan        1/1   1      -        scan_clk
 212    basic_scan        1/1   1      -        scan_clk
 213    basic_scan        1/1   1      -        scan_clk
 214    basic_scan        1/1   1      -        scan_clk
 215    basic_scan        1/1   1      -        scan_clk
 216    basic_scan        1/1   1      -        scan_clk
 217    basic_scan        1/1   1      -        scan_clk
 218    basic_scan        1/1   1      -        scan_clk
 219    basic_scan        1/1   1      -        scan_clk
 220    basic_scan        1/1   1      -        scan_clk
 221    basic_scan        1/1   1      -        scan_clk
 222    basic_scan        1/1   1      -        scan_clk
 223    basic_scan        1/1   1      -        scan_clk
 224    basic_scan        1/1   1      -        scan_clk
 225    basic_scan        1/1   1      -        scan_clk
 226    basic_scan        1/1   1      -        scan_clk
 227    basic_scan        1/1   1      -        scan_clk
 228    basic_scan        1/1   1      -        scan_clk
 229    basic_scan        1/1   1      -        scan_clk
 230    basic_scan        1/1   1      -        scan_clk
 231    basic_scan        1/1   1      -        scan_clk
 232    basic_scan        1/1   1      -        scan_clk
 233    basic_scan        1/1   1      -        scan_clk
 234    basic_scan        1/1   1      -        scan_clk
 235    basic_scan        1/1   1      -        scan_clk
 236    basic_scan        1/1   1      -        scan_clk
 237    basic_scan        1/1   1      -        scan_clk
 238    basic_scan        1/1   1      -        scan_clk
 239    basic_scan        1/1   1      -        scan_clk
 240    basic_scan        1/1   1      -        scan_clk
 241    basic_scan        1/1   1      -        scan_clk
 242    basic_scan        1/1   1      -        scan_clk
 243    basic_scan        1/1   1      -        scan_clk
 244    basic_scan        1/1   1      -        scan_clk
 245    basic_scan        1/1   1      -        scan_clk
 246    basic_scan        1/1   1      -        scan_clk
 247    basic_scan        1/1   1      -        scan_clk
 248    basic_scan        1/1   1      -        scan_clk
 249    basic_scan        1/1   1      -        scan_clk
 250    basic_scan        1/1   1      -        scan_clk
 251    basic_scan        1/1   1      -        scan_clk
 252    basic_scan        1/1   1      -        scan_clk
 253    basic_scan        1/1   1      -        scan_clk
 254    basic_scan        1/1   1      -        scan_clk
 255    basic_scan        1/1   1      -        scan_clk
 256    basic_scan        1/1   1      -        scan_clk
 257    basic_scan        1/1   1      -        scan_clk
 258    basic_scan        1/1   1      -        scan_clk
 259    basic_scan        1/1   1      -        scan_clk
 260    basic_scan        1/1   1      -        scan_clk
