 sa0   UU   internal_pll_bypass
 sa1   UU   internal_pll_bypass
 sa0   UU   valid_reg_reg/QN
 sa1   UU   valid_reg_reg/QN
 sa0   UU   \result_reg_reg[0]/QN
 sa1   UU   \result_reg_reg[0]/QN
 sa0   UU   \result_reg_reg[1]/QN
 sa1   UU   \result_reg_reg[1]/QN
 sa0   UU   \result_reg_reg[2]/QN
 sa1   UU   \result_reg_reg[2]/QN
 sa0   UU   \result_reg_reg[3]/QN
 sa1   UU   \result_reg_reg[3]/QN
 sa0   UU   \result_reg_reg[4]/QN
 sa1   UU   \result_reg_reg[4]/QN
 sa0   UU   \result_reg_reg[5]/QN
 sa1   UU   \result_reg_reg[5]/QN
 sa0   UU   \result_reg_reg[6]/QN
 sa1   UU   \result_reg_reg[6]/QN
 sa0   UU   \result_reg_reg[7]/QN
 sa1   UU   \result_reg_reg[7]/QN
 sa0   UU   \result_reg_reg[8]/QN
 sa1   UU   \result_reg_reg[8]/QN
 sa0   UU   \result_reg_reg[9]/QN
 sa1   UU   \result_reg_reg[9]/QN
 sa0   UU   \result_reg_reg[10]/QN
 sa1   UU   \result_reg_reg[10]/QN
 sa0   UU   \result_reg_reg[11]/QN
 sa1   UU   \result_reg_reg[11]/QN
 sa0   UU   \result_reg_reg[12]/QN
 sa1   UU   \result_reg_reg[12]/QN
 sa0   UU   \result_reg_reg[13]/QN
 sa1   UU   \result_reg_reg[13]/QN
 sa0   UU   \result_reg_reg[14]/QN
 sa1   UU   \result_reg_reg[14]/QN
 sa0   UU   \result_reg_reg[15]/QN
 sa1   UU   \result_reg_reg[15]/QN
 sa0   UU   \result_reg_reg[16]/QN
 sa1   UU   \result_reg_reg[16]/QN
 sa0   UU   \result_reg_reg[17]/QN
 sa1   UU   \result_reg_reg[17]/QN
 sa0   UU   \result_reg_reg[18]/QN
 sa1   UU   \result_reg_reg[18]/QN
 sa0   UU   \result_reg_reg[19]/QN
 sa1   UU   \result_reg_reg[19]/QN
 sa0   UU   \result_reg_reg[20]/QN
 sa1   UU   \result_reg_reg[20]/QN
 sa0   UU   \result_reg_reg[21]/QN
 sa1   UU   \result_reg_reg[21]/QN
 sa0   UU   \result_reg_reg[22]/QN
 sa1   UU   \result_reg_reg[22]/QN
 sa0   UU   \result_reg_reg[23]/QN
 sa1   UU   \result_reg_reg[23]/QN
 sa0   UU   \result_reg_reg[24]/QN
 sa1   UU   \result_reg_reg[24]/QN
 sa0   UU   \result_reg_reg[25]/QN
 sa1   UU   \result_reg_reg[25]/QN
 sa0   UU   \result_reg_reg[26]/QN
 sa1   UU   \result_reg_reg[26]/QN
 sa0   UU   \result_reg_reg[27]/QN
 sa1   UU   \result_reg_reg[27]/QN
 sa0   UU   \result_reg_reg[28]/QN
 sa1   UU   \result_reg_reg[28]/QN
 sa0   UU   \result_reg_reg[29]/QN
 sa1   UU   \result_reg_reg[29]/QN
 sa0   UU   \result_reg_reg[30]/QN
 sa1   UU   \result_reg_reg[30]/QN
 sa0   UU   \result_reg_reg[31]/QN
 sa1   UU   \result_reg_reg[31]/QN
 sa0   UU   \result_reg_reg[32]/QN
 sa1   UU   \result_reg_reg[32]/QN
 sa0   UU   \result_reg_reg[33]/QN
 sa1   UU   \result_reg_reg[33]/QN
 sa0   UU   \result_reg_reg[34]/QN
 sa1   UU   \result_reg_reg[34]/QN
 sa0   UU   \result_reg_reg[35]/QN
 sa1   UU   \result_reg_reg[35]/QN
 sa0   UU   \result_reg_reg[36]/QN
 sa1   UU   \result_reg_reg[36]/QN
 sa0   UU   \result_reg_reg[37]/QN
 sa1   UU   \result_reg_reg[37]/QN
 sa0   UU   \result_reg_reg[38]/QN
 sa1   UU   \result_reg_reg[38]/QN
 sa0   UU   \result_reg_reg[39]/QN
 sa1   UU   \result_reg_reg[39]/QN
 sa0   UU   \result_reg_reg[40]/QN
 sa1   UU   \result_reg_reg[40]/QN
 sa0   UU   \result_reg_reg[41]/QN
 sa1   UU   \result_reg_reg[41]/QN
 sa0   UU   \result_reg_reg[42]/QN
 sa1   UU   \result_reg_reg[42]/QN
 sa0   UU   \result_reg_reg[43]/QN
 sa1   UU   \result_reg_reg[43]/QN
 sa0   UU   \result_reg_reg[44]/QN
 sa1   UU   \result_reg_reg[44]/QN
 sa0   UU   \result_reg_reg[45]/QN
 sa1   UU   \result_reg_reg[45]/QN
 sa0   UU   \result_reg_reg[46]/QN
 sa1   UU   \result_reg_reg[46]/QN
 sa0   UU   \result_reg_reg[47]/QN
 sa1   UU   \result_reg_reg[47]/QN
 sa0   UU   \result_reg_reg[48]/QN
 sa1   UU   \result_reg_reg[48]/QN
 sa0   UU   \result_reg_reg[49]/QN
 sa1   UU   \result_reg_reg[49]/QN
 sa0   UU   \result_reg_reg[50]/QN
 sa1   UU   \result_reg_reg[50]/QN
 sa0   UU   \result_reg_reg[51]/QN
 sa1   UU   \result_reg_reg[51]/QN
 sa0   UU   \result_reg_reg[52]/QN
 sa1   UU   \result_reg_reg[52]/QN
 sa0   UU   \result_reg_reg[53]/QN
 sa1   UU   \result_reg_reg[53]/QN
 sa0   UU   \result_reg_reg[54]/QN
 sa1   UU   \result_reg_reg[54]/QN
 sa0   UU   \result_reg_reg[55]/QN
 sa1   UU   \result_reg_reg[55]/QN
 sa0   UU   \result_reg_reg[56]/QN
 sa1   UU   \result_reg_reg[56]/QN
 sa0   UU   \result_reg_reg[57]/QN
 sa1   UU   \result_reg_reg[57]/QN
 sa0   UU   \result_reg_reg[58]/QN
 sa1   UU   \result_reg_reg[58]/QN
 sa0   UU   \result_reg_reg[59]/QN
 sa1   UU   \result_reg_reg[59]/QN
 sa0   UU   \result_reg_reg[60]/QN
 sa1   UU   \result_reg_reg[60]/QN
 sa0   UU   \result_reg_reg[61]/QN
 sa1   UU   \result_reg_reg[61]/QN
 sa0   UU   \result_reg_reg[62]/QN
 sa1   UU   \result_reg_reg[62]/QN
 sa0   UU   \result_reg_reg[63]/QN
 sa1   UU   \result_reg_reg[63]/QN
 sa0   UU   \result_reg_reg[64]/QN
 sa1   UU   \result_reg_reg[64]/QN
 sa0   UU   \result_reg_reg[65]/QN
 sa1   UU   \result_reg_reg[65]/QN
 sa0   UU   \result_reg_reg[66]/QN
 sa1   UU   \result_reg_reg[66]/QN
 sa0   UU   \result_reg_reg[67]/QN
 sa1   UU   \result_reg_reg[67]/QN
 sa0   UU   \result_reg_reg[68]/QN
 sa1   UU   \result_reg_reg[68]/QN
 sa0   UU   \result_reg_reg[69]/QN
 sa1   UU   \result_reg_reg[69]/QN
 sa0   UU   \result_reg_reg[70]/QN
 sa1   UU   \result_reg_reg[70]/QN
 sa0   UU   \result_reg_reg[71]/QN
 sa1   UU   \result_reg_reg[71]/QN
 sa0   UU   \result_reg_reg[72]/QN
 sa1   UU   \result_reg_reg[72]/QN
 sa0   UU   \result_reg_reg[73]/QN
 sa1   UU   \result_reg_reg[73]/QN
 sa0   UU   \result_reg_reg[74]/QN
 sa1   UU   \result_reg_reg[74]/QN
 sa0   UU   \result_reg_reg[75]/QN
 sa1   UU   \result_reg_reg[75]/QN
 sa0   UU   \result_reg_reg[76]/QN
 sa1   UU   \result_reg_reg[76]/QN
 sa0   UU   \result_reg_reg[77]/QN
 sa1   UU   \result_reg_reg[77]/QN
 sa0   UU   \result_reg_reg[78]/QN
 sa1   UU   \result_reg_reg[78]/QN
 sa0   UU   \result_reg_reg[79]/QN
 sa1   UU   \result_reg_reg[79]/QN
 sa0   UU   \result_reg_reg[80]/QN
 sa1   UU   \result_reg_reg[80]/QN
 sa0   UU   \result_reg_reg[81]/QN
 sa1   UU   \result_reg_reg[81]/QN
 sa0   UU   \result_reg_reg[82]/QN
 sa1   UU   \result_reg_reg[82]/QN
 sa0   UU   \result_reg_reg[83]/QN
 sa1   UU   \result_reg_reg[83]/QN
 sa0   UU   \result_reg_reg[84]/QN
 sa1   UU   \result_reg_reg[84]/QN
 sa0   UU   \result_reg_reg[85]/QN
 sa1   UU   \result_reg_reg[85]/QN
 sa0   UU   \result_reg_reg[86]/QN
 sa1   UU   \result_reg_reg[86]/QN
 sa0   UU   \result_reg_reg[87]/QN
 sa1   UU   \result_reg_reg[87]/QN
 sa0   UU   \result_reg_reg[88]/QN
 sa1   UU   \result_reg_reg[88]/QN
 sa0   UU   \result_reg_reg[89]/QN
 sa1   UU   \result_reg_reg[89]/QN
 sa0   UU   \result_reg_reg[90]/QN
 sa1   UU   \result_reg_reg[90]/QN
 sa0   UU   \result_reg_reg[91]/QN
 sa1   UU   \result_reg_reg[91]/QN
 sa0   UU   \result_reg_reg[92]/QN
 sa1   UU   \result_reg_reg[92]/QN
 sa0   UU   \result_reg_reg[93]/QN
 sa1   UU   \result_reg_reg[93]/QN
 sa0   UU   \result_reg_reg[94]/QN
 sa1   UU   \result_reg_reg[94]/QN
 sa0   UU   \result_reg_reg[95]/QN
 sa1   UU   \result_reg_reg[95]/QN
 sa0   UU   \result_reg_reg[96]/QN
 sa1   UU   \result_reg_reg[96]/QN
 sa0   UU   \result_reg_reg[97]/QN
 sa1   UU   \result_reg_reg[97]/QN
 sa0   UU   \result_reg_reg[98]/QN
 sa1   UU   \result_reg_reg[98]/QN
 sa0   UU   \result_reg_reg[99]/QN
 sa1   UU   \result_reg_reg[99]/QN
 sa0   UU   \result_reg_reg[100]/QN
 sa1   UU   \result_reg_reg[100]/QN
 sa0   UU   \result_reg_reg[101]/QN
 sa1   UU   \result_reg_reg[101]/QN
 sa0   UU   \result_reg_reg[102]/QN
 sa1   UU   \result_reg_reg[102]/QN
 sa0   UU   \result_reg_reg[103]/QN
 sa1   UU   \result_reg_reg[103]/QN
 sa0   UU   \result_reg_reg[104]/QN
 sa1   UU   \result_reg_reg[104]/QN
 sa0   UU   \result_reg_reg[105]/QN
 sa1   UU   \result_reg_reg[105]/QN
 sa0   UU   \result_reg_reg[106]/QN
 sa1   UU   \result_reg_reg[106]/QN
 sa0   UU   \result_reg_reg[107]/QN
 sa1   UU   \result_reg_reg[107]/QN
 sa0   UU   \result_reg_reg[108]/QN
 sa1   UU   \result_reg_reg[108]/QN
 sa0   UU   \result_reg_reg[109]/QN
 sa1   UU   \result_reg_reg[109]/QN
 sa0   UU   \result_reg_reg[110]/QN
 sa1   UU   \result_reg_reg[110]/QN
 sa0   UU   \result_reg_reg[111]/QN
 sa1   UU   \result_reg_reg[111]/QN
 sa0   UU   \result_reg_reg[112]/QN
 sa1   UU   \result_reg_reg[112]/QN
 sa0   UU   \result_reg_reg[113]/QN
 sa1   UU   \result_reg_reg[113]/QN
 sa0   UU   \result_reg_reg[114]/QN
 sa1   UU   \result_reg_reg[114]/QN
 sa0   UU   \result_reg_reg[115]/QN
 sa1   UU   \result_reg_reg[115]/QN
 sa0   UU   \result_reg_reg[116]/QN
 sa1   UU   \result_reg_reg[116]/QN
 sa0   UU   \result_reg_reg[117]/QN
 sa1   UU   \result_reg_reg[117]/QN
 sa0   UU   \result_reg_reg[118]/QN
 sa1   UU   \result_reg_reg[118]/QN
 sa0   UU   \result_reg_reg[119]/QN
 sa1   UU   \result_reg_reg[119]/QN
 sa0   UU   \result_reg_reg[120]/QN
 sa1   UU   \result_reg_reg[120]/QN
 sa0   UU   \result_reg_reg[121]/QN
 sa1   UU   \result_reg_reg[121]/QN
 sa0   UU   \result_reg_reg[122]/QN
 sa1   UU   \result_reg_reg[122]/QN
 sa0   UU   \result_reg_reg[123]/QN
 sa1   UU   \result_reg_reg[123]/QN
 sa0   UU   \result_reg_reg[124]/QN
 sa1   UU   \result_reg_reg[124]/QN
 sa0   UU   \result_reg_reg[125]/QN
 sa1   UU   \result_reg_reg[125]/QN
 sa0   UU   \result_reg_reg[126]/QN
 sa1   UU   \result_reg_reg[126]/QN
 sa0   UU   \result_reg_reg[127]/QN
 sa1   UU   \result_reg_reg[127]/QN
 sa0   UU   ready_reg_reg/QN
 sa1   UU   ready_reg_reg/QN
 sa0   UU   core/keymem/\key_mem_reg[4][77]/QN
 sa1   UU   core/keymem/\key_mem_reg[4][77]/QN
 sa0   UU   core/keymem/\key_mem_reg[12][49]/QN
 sa1   UU   core/keymem/\key_mem_reg[12][49]/QN
 sa0   UU   occ_snps_pll_controller/U_clk_control_i_0/U_cycle_ctr_i/\count_int_reg[0]/QN
 sa1   UU   occ_snps_pll_controller/U_clk_control_i_0/U_cycle_ctr_i/\count_int_reg[0]/QN
 sa0   UU   occ_snps_pll_controller/U_clk_control_i_0/U_cycle_ctr_i/\count_int_reg[1]/QN
 sa1   UU   occ_snps_pll_controller/U_clk_control_i_0/U_cycle_ctr_i/\count_int_reg[1]/QN
 sa0   UU   occ_snps_pll_controller/U_clk_control_i_0/U_cycle_ctr_i/\count_int_reg[2]/QN
 sa1   UU   occ_snps_pll_controller/U_clk_control_i_0/U_cycle_ctr_i/\count_int_reg[2]/QN
 sa0   UU   occ_snps_pll_controller/U_clk_control_i_0/U_cycle_ctr_i/tercnt_n_reg_reg/Q
 sa1   UU   occ_snps_pll_controller/U_clk_control_i_0/U_cycle_ctr_i/tercnt_n_reg_reg/Q
 sa0   UU   occ_snps_pll_controller/U_clk_control_i_0/U_decode_i/U5/Q
 sa0   UU   occ_snps_pll_controller/U_clk_control_i_0/U_decode_i/U5/IN3
 sa0   UU   occ_snps_pll_controller/U_clk_control_i_0/U_decode_i/U5/IN2
 sa0   UU   occ_snps_pll_controller/U_clk_control_i_0/U_decode_i/U5/IN1
 sa1   UU   occ_snps_pll_controller/U_clk_control_i_0/U_decode_i/U5/IN1
 sa1   UU   occ_snps_pll_controller/U_clk_control_i_0/U_decode_i/U5/IN2
 sa1   UU   occ_snps_pll_controller/U_clk_control_i_0/U_decode_i/U5/IN3
 sa1   UU   occ_snps_pll_controller/U_clk_control_i_0/U_decode_i/U5/Q
 sa0   UU   occ_snps_pll_controller/U_clk_control_i_0/U_decode_i/U6/QN
 sa1   UU   occ_snps_pll_controller/U_clk_control_i_0/U_decode_i/U6/IN3
 sa1   UU   occ_snps_pll_controller/U_clk_control_i_0/U_decode_i/U6/IN1
 sa1   UU   occ_snps_pll_controller/U_clk_control_i_0/U_decode_i/U6/IN2
 sa0   UU   occ_snps_pll_controller/U_clk_control_i_0/U_decode_i/U6/IN1
 sa0   UU   occ_snps_pll_controller/U_clk_control_i_0/U_decode_i/U6/IN2
 sa0   UU   occ_snps_pll_controller/U_clk_control_i_0/U_decode_i/U6/IN3
 sa1   UU   occ_snps_pll_controller/U_clk_control_i_0/U_decode_i/U6/QN
 sa0   UU   occ_snps_pll_controller/U_clk_control_i_0/U_decode_i/U7/QN
 sa1   UU   occ_snps_pll_controller/U_clk_control_i_0/U_decode_i/U7/IN3
 sa1   UU   occ_snps_pll_controller/U_clk_control_i_0/U_decode_i/U7/IN1
 sa1   UU   occ_snps_pll_controller/U_clk_control_i_0/U_decode_i/U7/IN2
 sa0   UU   occ_snps_pll_controller/U_clk_control_i_0/U_decode_i/U7/IN1
 sa0   UU   occ_snps_pll_controller/U_clk_control_i_0/U_decode_i/U7/IN2
 sa0   UU   occ_snps_pll_controller/U_clk_control_i_0/U_decode_i/U7/IN3
 sa1   UU   occ_snps_pll_controller/U_clk_control_i_0/U_decode_i/U7/QN
 sa0   UU   occ_snps_pll_controller/U_clk_control_i_0/U_decode_i/U12/QN
 sa1   UU   occ_snps_pll_controller/U_clk_control_i_0/U_decode_i/U12/IN3
 sa1   UU   occ_snps_pll_controller/U_clk_control_i_0/U_decode_i/U12/IN2
 sa1   UU   occ_snps_pll_controller/U_clk_control_i_0/U_decode_i/U12/IN1
 sa0   UU   occ_snps_pll_controller/U_clk_control_i_0/U_decode_i/U12/IN1
 sa0   UU   occ_snps_pll_controller/U_clk_control_i_0/U_decode_i/U12/IN2
 sa0   UU   occ_snps_pll_controller/U_clk_control_i_0/U_decode_i/U12/IN3
 sa1   UU   occ_snps_pll_controller/U_clk_control_i_0/U_decode_i/U12/QN
 sa0   UU   occ_snps_pll_controller/U_clk_control_i_0/pipeline_or_tree_l_reg/QN
 sa1   UU   occ_snps_pll_controller/U_clk_control_i_0/pipeline_or_tree_l_reg/QN
 sa0   UU   occ_snps_pll_controller/U_clk_control_i_0/fast_clk_enable_l_reg/QN
 sa1   UU   occ_snps_pll_controller/U_clk_control_i_0/fast_clk_enable_l_reg/QN
 sa1   UR   occ_snps_pll_controller/U_gf_mux_0/U1/IN3
 sa0   UU   occ_snps_pll_controller/U_clk_control_i_0/load_n_meta_0_l_reg/QN
 sa1   UU   occ_snps_pll_controller/U_clk_control_i_0/load_n_meta_0_l_reg/QN
 sa0   UU   occ_snps_pll_controller/U_clk_control_i_0/load_n_meta_1_l_reg/QN
 sa1   UU   occ_snps_pll_controller/U_clk_control_i_0/load_n_meta_1_l_reg/QN
 sa0   UU   occ_snps_pll_controller/U_clk_control_i_0/load_n_meta_2_l_reg/QN
 sa1   UU   occ_snps_pll_controller/U_clk_control_i_0/load_n_meta_2_l_reg/QN
 sa1   UB   occ_snps_pll_controller/U5/ZN
 sa0   UB   occ_snps_pll_controller/U5/INP
 sa1   UB   occ_snps_pll_controller/U3/U2/IN2
 sa0   UT   occ_snps_pll_controller/U3/U2/IN1
 sa0   UT   occ_snps_pll_controller/U3/U2/IN2
 sa0   UT   occ_snps_pll_controller/U5/ZN
 sa1   UT   occ_snps_pll_controller/U5/INP
 sa0   UU   snps_clk_chain_0/\U_shftreg_0/ff_3/q_reg/QN
 sa1   UU   snps_clk_chain_0/\U_shftreg_0/ff_3/q_reg/QN
 sa0   UU   snps_clk_chain_0/\U_shftreg_0/ff_2/q_reg/QN
 sa1   UU   snps_clk_chain_0/\U_shftreg_0/ff_2/q_reg/QN
 sa0   UU   snps_clk_chain_0/\U_shftreg_0/ff_1/q_reg/QN
 sa1   UU   snps_clk_chain_0/\U_shftreg_0/ff_1/q_reg/QN
 sa0   UU   snps_clk_chain_0/\U_shftreg_0/ff_0/q_reg/QN
 sa1   UU   snps_clk_chain_0/\U_shftreg_0/ff_0/q_reg/QN
 sa1   UR   U639/IN2
 sa1   UR   U1219/IN1
 sa1   UR   U1220/IN3
 sa1   UR   U1222/IN1
 sa0   UR   core/keymem/U5590/IN3
 sa0   UR   core/keymem/U5590/IN4
 sa1   UR   core/keymem/U6173/QN
 sa0   UR   core/keymem/U6173/IN2
 sa0   UR   core/keymem/U6173/IN1
 sa1   UR   core/keymem/U6172/IN3
 sa0   UR   U1218/IN1
 sa0   UR   U1214/IN2
 sa1   UR   U1215/IN3
 sa1   UR   U1215/IN1
 sa0   UR   U1218/IN2
 sa1   UR   core/keymem/U6171/IN2
 sa1   UR   core/keymem/U6171/IN1
 sa0   UR   core/keymem/U6171/IN3
 sa0   UR   core/keymem/U6171/IN4
 sa1   UR   core/keymem/U6171/IN3
 sa1   UR   core/keymem/U6171/IN4
 sa0   UR   core/keymem/U6171/QN
 sa1   UR   core/keymem/U6171/IN5
 sa0   UR   core/keymem/U6171/IN2
 sa0   UR   core/keymem/U6171/IN1
