In mode: all_dft...
  Pre-DFT DRC enabled

Information: Starting test design rule checking. (TEST-222)
  Loading test protocol
  ...basic checks...
  ...basic sequential cell checks...
  	...checking for scan equivalents...
  ...checking vector rules...
  ...checking pre-dft rules...

-----------------------------------------------------------------
Begin Pre-DFT violations...

 Warning: Clock scan_clk cannot capture data with other clocks off. (D8-1)

Pre-DFT violations completed...
-----------------------------------------------------------------

-----------------------------------------------------------------
  DRC Report

  Total violations: 1

-----------------------------------------------------------------

1 PRE-DFT VIOLATION
     1 Clock not able to capture violation (D8)


Warning: Violations occurred during test design rule checking. (TEST-124)

-----------------------------------------------------------------
  Sequential Cell Report

  0 out of 272 sequential cells have violations

-----------------------------------------------------------------

SEQUENTIAL CELLS WITHOUT VIOLATIONS
      * 272 cells are valid scan cells
         DU/pc_current_reg[0]
         DU/pc_current_reg[15]
         DU/pc_current_reg[9]
         DU/pc_current_reg[8]
         DU/pc_current_reg[7]
         DU/pc_current_reg[6]
         DU/pc_current_reg[5]
         DU/pc_current_reg[4]
         DU/pc_current_reg[3]
         DU/pc_current_reg[2]
         DU/pc_current_reg[1]
         DU/pc_current_reg[14]
         DU/pc_current_reg[13]
         DU/pc_current_reg[12]
         DU/pc_current_reg[11]
         DU/pc_current_reg[10]
         DU/reg_file/reg_array_reg[7][15]
         DU/reg_file/reg_array_reg[7][14]
         DU/reg_file/reg_array_reg[7][13]
         DU/reg_file/reg_array_reg[7][12]
         DU/reg_file/reg_array_reg[7][11]
         DU/reg_file/reg_array_reg[7][10]
         DU/reg_file/reg_array_reg[7][9]
         DU/reg_file/reg_array_reg[7][8]
         DU/reg_file/reg_array_reg[7][7]
         DU/reg_file/reg_array_reg[7][6]
         DU/reg_file/reg_array_reg[7][5]
         DU/reg_file/reg_array_reg[7][4]
         DU/reg_file/reg_array_reg[7][3]
         DU/reg_file/reg_array_reg[7][2]
         DU/reg_file/reg_array_reg[7][1]
         DU/reg_file/reg_array_reg[7][0]
         DU/reg_file/reg_array_reg[6][15]
         DU/reg_file/reg_array_reg[6][14]
         DU/reg_file/reg_array_reg[6][13]
         DU/reg_file/reg_array_reg[6][12]
         DU/reg_file/reg_array_reg[6][11]
         DU/reg_file/reg_array_reg[6][10]
         DU/reg_file/reg_array_reg[6][9]
         DU/reg_file/reg_array_reg[6][8]
         DU/reg_file/reg_array_reg[6][7]
         DU/reg_file/reg_array_reg[6][6]
         DU/reg_file/reg_array_reg[6][5]
         DU/reg_file/reg_array_reg[6][4]
         DU/reg_file/reg_array_reg[6][3]
         DU/reg_file/reg_array_reg[6][2]
         DU/reg_file/reg_array_reg[6][1]
         DU/reg_file/reg_array_reg[6][0]
         DU/reg_file/reg_array_reg[5][15]
         DU/reg_file/reg_array_reg[5][14]
         DU/reg_file/reg_array_reg[5][13]
         DU/reg_file/reg_array_reg[5][12]
         DU/reg_file/reg_array_reg[5][11]
         DU/reg_file/reg_array_reg[5][10]
         DU/reg_file/reg_array_reg[5][9]
         DU/reg_file/reg_array_reg[5][8]
         DU/reg_file/reg_array_reg[5][7]
         DU/reg_file/reg_array_reg[5][6]
         DU/reg_file/reg_array_reg[5][5]
         DU/reg_file/reg_array_reg[5][4]
         DU/reg_file/reg_array_reg[5][3]
         DU/reg_file/reg_array_reg[5][2]
         DU/reg_file/reg_array_reg[5][1]
         DU/reg_file/reg_array_reg[5][0]
         DU/reg_file/reg_array_reg[4][15]
         DU/reg_file/reg_array_reg[4][14]
         DU/reg_file/reg_array_reg[4][13]
         DU/reg_file/reg_array_reg[4][12]
         DU/reg_file/reg_array_reg[4][11]
         DU/reg_file/reg_array_reg[4][10]
         DU/reg_file/reg_array_reg[4][9]
         DU/reg_file/reg_array_reg[4][8]
         DU/reg_file/reg_array_reg[4][7]
         DU/reg_file/reg_array_reg[4][6]
         DU/reg_file/reg_array_reg[4][5]
         DU/reg_file/reg_array_reg[4][4]
         DU/reg_file/reg_array_reg[4][3]
         DU/reg_file/reg_array_reg[4][2]
         DU/reg_file/reg_array_reg[4][1]
         DU/reg_file/reg_array_reg[4][0]
         DU/reg_file/reg_array_reg[3][15]
         DU/reg_file/reg_array_reg[3][14]
         DU/reg_file/reg_array_reg[3][13]
         DU/reg_file/reg_array_reg[3][12]
         DU/reg_file/reg_array_reg[3][11]
         DU/reg_file/reg_array_reg[3][10]
         DU/reg_file/reg_array_reg[3][9]
         DU/reg_file/reg_array_reg[3][8]
         DU/reg_file/reg_array_reg[3][7]
         DU/reg_file/reg_array_reg[3][6]
         DU/reg_file/reg_array_reg[3][5]
         DU/reg_file/reg_array_reg[3][4]
         DU/reg_file/reg_array_reg[3][3]
         DU/reg_file/reg_array_reg[3][2]
         DU/reg_file/reg_array_reg[3][1]
         DU/reg_file/reg_array_reg[3][0]
         DU/reg_file/reg_array_reg[2][15]
         DU/reg_file/reg_array_reg[2][14]
         DU/reg_file/reg_array_reg[2][13]
         DU/reg_file/reg_array_reg[2][12]
         DU/reg_file/reg_array_reg[2][11]
         DU/reg_file/reg_array_reg[2][10]
         DU/reg_file/reg_array_reg[2][9]
         DU/reg_file/reg_array_reg[2][8]
         DU/reg_file/reg_array_reg[2][7]
         DU/reg_file/reg_array_reg[2][6]
         DU/reg_file/reg_array_reg[2][5]
         DU/reg_file/reg_array_reg[2][4]
         DU/reg_file/reg_array_reg[2][3]
         DU/reg_file/reg_array_reg[2][2]
         DU/reg_file/reg_array_reg[2][1]
         DU/reg_file/reg_array_reg[2][0]
         DU/reg_file/reg_array_reg[1][15]
         DU/reg_file/reg_array_reg[1][14]
         DU/reg_file/reg_array_reg[1][13]
         DU/reg_file/reg_array_reg[1][12]
         DU/reg_file/reg_array_reg[1][11]
         DU/reg_file/reg_array_reg[1][10]
         DU/reg_file/reg_array_reg[1][9]
         DU/reg_file/reg_array_reg[1][8]
         DU/reg_file/reg_array_reg[1][7]
         DU/reg_file/reg_array_reg[1][6]
         DU/reg_file/reg_array_reg[1][5]
         DU/reg_file/reg_array_reg[1][4]
         DU/reg_file/reg_array_reg[1][3]
         DU/reg_file/reg_array_reg[1][2]
         DU/reg_file/reg_array_reg[1][1]
         DU/reg_file/reg_array_reg[1][0]
         DU/reg_file/reg_array_reg[0][15]
         DU/reg_file/reg_array_reg[0][14]
         DU/reg_file/reg_array_reg[0][13]
         DU/reg_file/reg_array_reg[0][12]
         DU/reg_file/reg_array_reg[0][11]
         DU/reg_file/reg_array_reg[0][10]
         DU/reg_file/reg_array_reg[0][9]
         DU/reg_file/reg_array_reg[0][8]
         DU/reg_file/reg_array_reg[0][7]
         DU/reg_file/reg_array_reg[0][6]
         DU/reg_file/reg_array_reg[0][5]
         DU/reg_file/reg_array_reg[0][4]
         DU/reg_file/reg_array_reg[0][3]
         DU/reg_file/reg_array_reg[0][2]
         DU/reg_file/reg_array_reg[0][1]
         DU/reg_file/reg_array_reg[0][0]
         DU/dm/memory_reg[7][15]
         DU/dm/memory_reg[7][14]
         DU/dm/memory_reg[7][13]
         DU/dm/memory_reg[7][12]
         DU/dm/memory_reg[7][11]
         DU/dm/memory_reg[7][10]
         DU/dm/memory_reg[7][9]
         DU/dm/memory_reg[7][8]
         DU/dm/memory_reg[7][7]
         DU/dm/memory_reg[7][6]
         DU/dm/memory_reg[7][5]
         DU/dm/memory_reg[7][4]
         DU/dm/memory_reg[7][3]
         DU/dm/memory_reg[7][2]
         DU/dm/memory_reg[7][1]
         DU/dm/memory_reg[7][0]
         DU/dm/memory_reg[6][15]
         DU/dm/memory_reg[6][14]
         DU/dm/memory_reg[6][13]
         DU/dm/memory_reg[6][12]
         DU/dm/memory_reg[6][11]
         DU/dm/memory_reg[6][10]
         DU/dm/memory_reg[6][9]
         DU/dm/memory_reg[6][8]
         DU/dm/memory_reg[6][7]
         DU/dm/memory_reg[6][6]
         DU/dm/memory_reg[6][5]
         DU/dm/memory_reg[6][4]
         DU/dm/memory_reg[6][3]
         DU/dm/memory_reg[6][2]
         DU/dm/memory_reg[6][1]
         DU/dm/memory_reg[6][0]
         DU/dm/memory_reg[5][15]
         DU/dm/memory_reg[5][14]
         DU/dm/memory_reg[5][13]
         DU/dm/memory_reg[5][12]
         DU/dm/memory_reg[5][11]
         DU/dm/memory_reg[5][10]
         DU/dm/memory_reg[5][9]
         DU/dm/memory_reg[5][8]
         DU/dm/memory_reg[5][7]
         DU/dm/memory_reg[5][6]
         DU/dm/memory_reg[5][5]
         DU/dm/memory_reg[5][4]
         DU/dm/memory_reg[5][3]
         DU/dm/memory_reg[5][2]
         DU/dm/memory_reg[5][1]
         DU/dm/memory_reg[5][0]
         DU/dm/memory_reg[4][15]
         DU/dm/memory_reg[4][14]
         DU/dm/memory_reg[4][13]
         DU/dm/memory_reg[4][12]
         DU/dm/memory_reg[4][11]
         DU/dm/memory_reg[4][10]
         DU/dm/memory_reg[4][9]
         DU/dm/memory_reg[4][8]
         DU/dm/memory_reg[4][7]
         DU/dm/memory_reg[4][6]
         DU/dm/memory_reg[4][5]
         DU/dm/memory_reg[4][4]
         DU/dm/memory_reg[4][3]
         DU/dm/memory_reg[4][2]
         DU/dm/memory_reg[4][1]
         DU/dm/memory_reg[4][0]
         DU/dm/memory_reg[3][15]
         DU/dm/memory_reg[3][14]
         DU/dm/memory_reg[3][13]
         DU/dm/memory_reg[3][12]
         DU/dm/memory_reg[3][11]
         DU/dm/memory_reg[3][10]
         DU/dm/memory_reg[3][9]
         DU/dm/memory_reg[3][8]
         DU/dm/memory_reg[3][7]
         DU/dm/memory_reg[3][6]
         DU/dm/memory_reg[3][5]
         DU/dm/memory_reg[3][4]
         DU/dm/memory_reg[3][3]
         DU/dm/memory_reg[3][2]
         DU/dm/memory_reg[3][1]
         DU/dm/memory_reg[3][0]
         DU/dm/memory_reg[2][15]
         DU/dm/memory_reg[2][14]
         DU/dm/memory_reg[2][13]
         DU/dm/memory_reg[2][12]
         DU/dm/memory_reg[2][11]
         DU/dm/memory_reg[2][10]
         DU/dm/memory_reg[2][9]
         DU/dm/memory_reg[2][8]
         DU/dm/memory_reg[2][7]
         DU/dm/memory_reg[2][6]
         DU/dm/memory_reg[2][5]
         DU/dm/memory_reg[2][4]
         DU/dm/memory_reg[2][3]
         DU/dm/memory_reg[2][2]
         DU/dm/memory_reg[2][1]
         DU/dm/memory_reg[2][0]
         DU/dm/memory_reg[1][15]
         DU/dm/memory_reg[1][14]
         DU/dm/memory_reg[1][13]
         DU/dm/memory_reg[1][12]
         DU/dm/memory_reg[1][11]
         DU/dm/memory_reg[1][10]
         DU/dm/memory_reg[1][9]
         DU/dm/memory_reg[1][8]
         DU/dm/memory_reg[1][7]
         DU/dm/memory_reg[1][6]
         DU/dm/memory_reg[1][5]
         DU/dm/memory_reg[1][4]
         DU/dm/memory_reg[1][3]
         DU/dm/memory_reg[1][2]
         DU/dm/memory_reg[1][1]
         DU/dm/memory_reg[1][0]
         DU/dm/memory_reg[0][15]
         DU/dm/memory_reg[0][14]
         DU/dm/memory_reg[0][13]
         DU/dm/memory_reg[0][12]
         DU/dm/memory_reg[0][11]
         DU/dm/memory_reg[0][10]
         DU/dm/memory_reg[0][9]
         DU/dm/memory_reg[0][8]
         DU/dm/memory_reg[0][7]
         DU/dm/memory_reg[0][6]
         DU/dm/memory_reg[0][5]
         DU/dm/memory_reg[0][4]
         DU/dm/memory_reg[0][3]
         DU/dm/memory_reg[0][2]
         DU/dm/memory_reg[0][1]
         DU/dm/memory_reg[0][0]

Information: Test design rule checking completed. (TEST-123)
1
