 
****************************************
Report : Scan path
Design : Risc_16_bit
Version: S-2021.06-SP5-3
Date   : Mon May 20 15:23:35 2024
****************************************

========================================
TEST MODE: Internal_scan
VIEW     : Existing DFT
========================================

========================================
AS SPECIFIED BY USER
========================================


========================================
AS BUILT BY insert_dft
========================================

Scan_path     Cell_#    Instance_name            Clocks
---------     ------    -------------            ------
I 1           0         DU/dm/memory_reg[0][0]   scan_clk 
              1         DU/dm/memory_reg[0][1]
              2         DU/dm/memory_reg[0][2]
              3         DU/dm/memory_reg[0][3]
              4         DU/dm/memory_reg[0][4]
              5         DU/dm/memory_reg[0][5]
              6         DU/dm/memory_reg[0][6]
              7         DU/dm/memory_reg[0][7]
              8         DU/dm/memory_reg[0][8]
              9         DU/dm/memory_reg[0][9]
              10        DU/dm/memory_reg[0][10]
              11        DU/dm/memory_reg[0][11]
              12        DU/dm/memory_reg[0][12]
              13        DU/dm/memory_reg[0][13]
              14        DU/dm/memory_reg[0][14]
              15        DU/dm/memory_reg[0][15]
              16        DU/dm/memory_reg[1][0]
              17        DU/dm/memory_reg[1][1]
              18        DU/dm/memory_reg[1][2]
              19        DU/dm/memory_reg[1][3]
              20        DU/dm/memory_reg[1][4]
              21        DU/dm/memory_reg[1][5]
              22        DU/dm/memory_reg[1][6]
              23        DU/dm/memory_reg[1][7]
              24        DU/dm/memory_reg[1][8]
              25        DU/dm/memory_reg[1][9]
              26        DU/dm/memory_reg[1][10]
              27        DU/dm/memory_reg[1][11]
              28        DU/dm/memory_reg[1][12]
              29        DU/dm/memory_reg[1][13]
              30        DU/dm/memory_reg[1][14]
              31        DU/dm/memory_reg[1][15]
              32        DU/dm/memory_reg[2][0]
              33        DU/dm/memory_reg[2][1]
              34        DU/dm/memory_reg[2][2]
              35        DU/dm/memory_reg[2][3]
              36        DU/dm/memory_reg[2][4]
              37        DU/dm/memory_reg[2][5]
              38        DU/dm/memory_reg[2][6]
              39        DU/dm/memory_reg[2][7]
              40        DU/dm/memory_reg[2][8]
              41        DU/dm/memory_reg[2][9]
              42        DU/dm/memory_reg[2][10]
              43        DU/dm/memory_reg[2][11]
              44        DU/dm/memory_reg[2][12]
              45        DU/dm/memory_reg[2][13]
              46        DU/dm/memory_reg[2][14]
              47        DU/dm/memory_reg[2][15]
              48        DU/dm/memory_reg[3][0]
              49        DU/dm/memory_reg[3][1]
              50        DU/dm/memory_reg[3][2]
              51        DU/dm/memory_reg[3][3]
              52        DU/dm/memory_reg[3][4]
              53        DU/dm/memory_reg[3][5]
              54        DU/dm/memory_reg[3][6]
              55        DU/dm/memory_reg[3][7]
              56        DU/dm/memory_reg[3][8]
              57        DU/dm/memory_reg[3][9]
              58        DU/dm/memory_reg[3][10]
              59        DU/dm/memory_reg[3][11]
              60        DU/dm/memory_reg[3][12]
              61        DU/dm/memory_reg[3][13]
              62        DU/dm/memory_reg[3][14]
              63        DU/dm/memory_reg[3][15]
              64        DU/dm/memory_reg[4][0]
              65        DU/dm/memory_reg[4][1]
              66        DU/dm/memory_reg[4][2]
              67        DU/dm/memory_reg[4][3]
              68        DU/dm/memory_reg[4][4]
              69        DU/dm/memory_reg[4][5]
              70        DU/dm/memory_reg[4][6]
              71        DU/dm/memory_reg[4][7]
              72        DU/dm/memory_reg[4][8]
              73        DU/dm/memory_reg[4][9]
              74        DU/dm/memory_reg[4][10]
              75        DU/dm/memory_reg[4][11]
              76        DU/dm/memory_reg[4][12]
              77        DU/dm/memory_reg[4][13]
              78        DU/dm/memory_reg[4][14]
              79        DU/dm/memory_reg[4][15]
              80        DU/dm/memory_reg[5][0]
              81        DU/dm/memory_reg[5][1]
              82        DU/dm/memory_reg[5][2]
              83        DU/dm/memory_reg[5][3]
              84        DU/dm/memory_reg[5][4]
              85        DU/dm/memory_reg[5][5]
              86        DU/dm/memory_reg[5][6]
              87        DU/dm/memory_reg[5][7]
              88        DU/dm/memory_reg[5][8]
              89        DU/dm/memory_reg[5][9]
              90        DU/dm/memory_reg[5][10]
I 2           0         snps_clk_chain_0/U_shftreg_0/ff_3/q_reg scan_clk 
              1         snps_clk_chain_0/U_shftreg_0/ff_2/q_reg
              2         snps_clk_chain_0/U_shftreg_0/ff_1/q_reg
              3         snps_clk_chain_0/U_shftreg_0/ff_0/q_reg
I 3           0         DU/dm/memory_reg[5][11]  scan_clk 
              1         DU/dm/memory_reg[5][12]
              2         DU/dm/memory_reg[5][13]
              3         DU/dm/memory_reg[5][14]
              4         DU/dm/memory_reg[5][15]
              5         DU/dm/memory_reg[6][0]
              6         DU/dm/memory_reg[6][1]
              7         DU/dm/memory_reg[6][2]
              8         DU/dm/memory_reg[6][3]
              9         DU/dm/memory_reg[6][4]
              10        DU/dm/memory_reg[6][5]
              11        DU/dm/memory_reg[6][6]
              12        DU/dm/memory_reg[6][7]
              13        DU/dm/memory_reg[6][8]
              14        DU/dm/memory_reg[6][9]
              15        DU/dm/memory_reg[6][10]
              16        DU/dm/memory_reg[6][11]
              17        DU/dm/memory_reg[6][12]
              18        DU/dm/memory_reg[6][13]
              19        DU/dm/memory_reg[6][14]
              20        DU/dm/memory_reg[6][15]
              21        DU/dm/memory_reg[7][0]
              22        DU/dm/memory_reg[7][1]
              23        DU/dm/memory_reg[7][2]
              24        DU/dm/memory_reg[7][3]
              25        DU/dm/memory_reg[7][4]
              26        DU/dm/memory_reg[7][5]
              27        DU/dm/memory_reg[7][6]
              28        DU/dm/memory_reg[7][7]
              29        DU/dm/memory_reg[7][8]
              30        DU/dm/memory_reg[7][9]
              31        DU/dm/memory_reg[7][10]
              32        DU/dm/memory_reg[7][11]
              33        DU/dm/memory_reg[7][12]
              34        DU/dm/memory_reg[7][13]
              35        DU/dm/memory_reg[7][14]
              36        DU/dm/memory_reg[7][15]
              37        DU/pc_current_reg[0]
              38        DU/pc_current_reg[1]
              39        DU/pc_current_reg[2]
              40        DU/pc_current_reg[3]
              41        DU/pc_current_reg[4]
              42        DU/pc_current_reg[5]
              43        DU/pc_current_reg[6]
              44        DU/pc_current_reg[7]
              45        DU/pc_current_reg[8]
              46        DU/pc_current_reg[9]
              47        DU/pc_current_reg[10]
              48        DU/pc_current_reg[11]
              49        DU/pc_current_reg[12]
              50        DU/pc_current_reg[13]
              51        DU/pc_current_reg[14]
              52        DU/pc_current_reg[15]
              53        DU/reg_file/reg_array_reg[0][0]
              54        DU/reg_file/reg_array_reg[0][1]
              55        DU/reg_file/reg_array_reg[0][2]
              56        DU/reg_file/reg_array_reg[0][3]
              57        DU/reg_file/reg_array_reg[0][4]
              58        DU/reg_file/reg_array_reg[0][5]
              59        DU/reg_file/reg_array_reg[0][6]
              60        DU/reg_file/reg_array_reg[0][7]
              61        DU/reg_file/reg_array_reg[0][8]
              62        DU/reg_file/reg_array_reg[0][9]
              63        DU/reg_file/reg_array_reg[0][10]
              64        DU/reg_file/reg_array_reg[0][11]
              65        DU/reg_file/reg_array_reg[0][12]
              66        DU/reg_file/reg_array_reg[0][13]
              67        DU/reg_file/reg_array_reg[0][14]
              68        DU/reg_file/reg_array_reg[0][15]
              69        DU/reg_file/reg_array_reg[1][0]
              70        DU/reg_file/reg_array_reg[1][1]
              71        DU/reg_file/reg_array_reg[1][2]
              72        DU/reg_file/reg_array_reg[1][3]
              73        DU/reg_file/reg_array_reg[1][4]
              74        DU/reg_file/reg_array_reg[1][5]
              75        DU/reg_file/reg_array_reg[1][6]
              76        DU/reg_file/reg_array_reg[1][7]
              77        DU/reg_file/reg_array_reg[1][8]
              78        DU/reg_file/reg_array_reg[1][9]
              79        DU/reg_file/reg_array_reg[1][10]
              80        DU/reg_file/reg_array_reg[1][11]
              81        DU/reg_file/reg_array_reg[1][12]
              82        DU/reg_file/reg_array_reg[1][13]
              83        DU/reg_file/reg_array_reg[1][14]
              84        DU/reg_file/reg_array_reg[1][15]
              85        DU/reg_file/reg_array_reg[2][0]
              86        DU/reg_file/reg_array_reg[2][1]
              87        DU/reg_file/reg_array_reg[2][2]
              88        DU/reg_file/reg_array_reg[2][3]
              89        DU/reg_file/reg_array_reg[2][4]
              90        DU/reg_file/reg_array_reg[2][5]
I 4           0         DU/reg_file/reg_array_reg[2][6] scan_clk 
              1         DU/reg_file/reg_array_reg[2][7]
              2         DU/reg_file/reg_array_reg[2][8]
              3         DU/reg_file/reg_array_reg[2][9]
              4         DU/reg_file/reg_array_reg[2][10]
              5         DU/reg_file/reg_array_reg[2][11]
              6         DU/reg_file/reg_array_reg[2][12]
              7         DU/reg_file/reg_array_reg[2][13]
              8         DU/reg_file/reg_array_reg[2][14]
              9         DU/reg_file/reg_array_reg[2][15]
              10        DU/reg_file/reg_array_reg[3][0]
              11        DU/reg_file/reg_array_reg[3][1]
              12        DU/reg_file/reg_array_reg[3][2]
              13        DU/reg_file/reg_array_reg[3][3]
              14        DU/reg_file/reg_array_reg[3][4]
              15        DU/reg_file/reg_array_reg[3][5]
              16        DU/reg_file/reg_array_reg[3][6]
              17        DU/reg_file/reg_array_reg[3][7]
              18        DU/reg_file/reg_array_reg[3][8]
              19        DU/reg_file/reg_array_reg[3][9]
              20        DU/reg_file/reg_array_reg[3][10]
              21        DU/reg_file/reg_array_reg[3][11]
              22        DU/reg_file/reg_array_reg[3][12]
              23        DU/reg_file/reg_array_reg[3][13]
              24        DU/reg_file/reg_array_reg[3][14]
              25        DU/reg_file/reg_array_reg[3][15]
              26        DU/reg_file/reg_array_reg[4][0]
              27        DU/reg_file/reg_array_reg[4][1]
              28        DU/reg_file/reg_array_reg[4][2]
              29        DU/reg_file/reg_array_reg[4][3]
              30        DU/reg_file/reg_array_reg[4][4]
              31        DU/reg_file/reg_array_reg[4][5]
              32        DU/reg_file/reg_array_reg[4][6]
              33        DU/reg_file/reg_array_reg[4][7]
              34        DU/reg_file/reg_array_reg[4][8]
              35        DU/reg_file/reg_array_reg[4][9]
              36        DU/reg_file/reg_array_reg[4][10]
              37        DU/reg_file/reg_array_reg[4][11]
              38        DU/reg_file/reg_array_reg[4][12]
              39        DU/reg_file/reg_array_reg[4][13]
              40        DU/reg_file/reg_array_reg[4][14]
              41        DU/reg_file/reg_array_reg[4][15]
              42        DU/reg_file/reg_array_reg[5][0]
              43        DU/reg_file/reg_array_reg[5][1]
              44        DU/reg_file/reg_array_reg[5][2]
              45        DU/reg_file/reg_array_reg[5][3]
              46        DU/reg_file/reg_array_reg[5][4]
              47        DU/reg_file/reg_array_reg[5][5]
              48        DU/reg_file/reg_array_reg[5][6]
              49        DU/reg_file/reg_array_reg[5][7]
              50        DU/reg_file/reg_array_reg[5][8]
              51        DU/reg_file/reg_array_reg[5][9]
              52        DU/reg_file/reg_array_reg[5][10]
              53        DU/reg_file/reg_array_reg[5][11]
              54        DU/reg_file/reg_array_reg[5][12]
              55        DU/reg_file/reg_array_reg[5][13]
              56        DU/reg_file/reg_array_reg[5][14]
              57        DU/reg_file/reg_array_reg[5][15]
              58        DU/reg_file/reg_array_reg[6][0]
              59        DU/reg_file/reg_array_reg[6][1]
              60        DU/reg_file/reg_array_reg[6][2]
              61        DU/reg_file/reg_array_reg[6][3]
              62        DU/reg_file/reg_array_reg[6][4]
              63        DU/reg_file/reg_array_reg[6][5]
              64        DU/reg_file/reg_array_reg[6][6]
              65        DU/reg_file/reg_array_reg[6][7]
              66        DU/reg_file/reg_array_reg[6][8]
              67        DU/reg_file/reg_array_reg[6][9]
              68        DU/reg_file/reg_array_reg[6][10]
              69        DU/reg_file/reg_array_reg[6][11]
              70        DU/reg_file/reg_array_reg[6][12]
              71        DU/reg_file/reg_array_reg[6][13]
              72        DU/reg_file/reg_array_reg[6][14]
              73        DU/reg_file/reg_array_reg[6][15]
              74        DU/reg_file/reg_array_reg[7][0]
              75        DU/reg_file/reg_array_reg[7][1]
              76        DU/reg_file/reg_array_reg[7][2]
              77        DU/reg_file/reg_array_reg[7][3]
              78        DU/reg_file/reg_array_reg[7][4]
              79        DU/reg_file/reg_array_reg[7][5]
              80        DU/reg_file/reg_array_reg[7][6]
              81        DU/reg_file/reg_array_reg[7][7]
              82        DU/reg_file/reg_array_reg[7][8]
              83        DU/reg_file/reg_array_reg[7][9]
              84        DU/reg_file/reg_array_reg[7][10]
              85        DU/reg_file/reg_array_reg[7][11]
              86        DU/reg_file/reg_array_reg[7][12]
              87        DU/reg_file/reg_array_reg[7][13]
              88        DU/reg_file/reg_array_reg[7][14]
              89        DU/reg_file/reg_array_reg[7][15]

1
